<?xml version="1.0"?>
<link_info>
   <banner>MSP430 Linker PC v4.3.3</banner>
   <copyright>Copyright (c) 2003-2014 Texas Instruments Incorporated</copyright>
   <link_time>0x560adb6d</link_time>
   <link_errors>0x0</link_errors>
   <output_file>Cold_Chain_with_CL331_Demo.out</output_file>
   <entry_point>
      <name>_c_int00</name>
      <address>0x7fb0</address>
   </entry_point>
   <input_file_list>
      <input_file id="fl-2">
         <path>.\</path>
         <kind>object</kind>
         <file>Datalogger.obj</file>
         <name>Datalogger.obj</name>
      </input_file>
      <input_file id="fl-3">
         <path>.\</path>
         <kind>object</kind>
         <file>HDC1000.obj</file>
         <name>HDC1000.obj</name>
      </input_file>
      <input_file id="fl-4">
         <path>.\</path>
         <kind>object</kind>
         <file>OPT3001.obj</file>
         <name>OPT3001.obj</name>
      </input_file>
      <input_file id="fl-5">
         <path>.\</path>
         <kind>object</kind>
         <file>RF430CL331H.obj</file>
         <name>RF430CL331H.obj</name>
      </input_file>
      <input_file id="fl-6">
         <path>.\</path>
         <kind>object</kind>
         <file>RF430_I2C.obj</file>
         <name>RF430_I2C.obj</name>
      </input_file>
      <input_file id="fl-7">
         <path>.\</path>
         <kind>object</kind>
         <file>RF430_Request_Processor.obj</file>
         <name>RF430_Request_Processor.obj</name>
      </input_file>
      <input_file id="fl-8">
         <path>.\</path>
         <kind>object</kind>
         <file>RTC.obj</file>
         <name>RTC.obj</name>
      </input_file>
      <input_file id="fl-9">
         <path>.\</path>
         <kind>object</kind>
         <file>TIME.obj</file>
         <name>TIME.obj</name>
      </input_file>
      <input_file id="fl-a">
         <path>.\</path>
         <kind>object</kind>
         <file>TMP112.obj</file>
         <name>TMP112.obj</name>
      </input_file>
      <input_file id="fl-b">
         <path>.\</path>
         <kind>object</kind>
         <file>main.obj</file>
         <name>main.obj</name>
      </input_file>
      <input_file id="fl-c">
         <path>.\</path>
         <kind>object</kind>
         <file>system_pre_init.obj</file>
         <name>system_pre_init.obj</name>
      </input_file>
      <input_file id="fl-46">
         <path>C:\TI\ccsv6\ccsv6\tools\compiler\msp430_4.3.3\lib\</path>
         <kind>archive</kind>
         <file>rts430x_lc_ld_eabi.lib</file>
         <name>copy_decompress_none.obj</name>
      </input_file>
      <input_file id="fl-47">
         <path>C:\TI\ccsv6\ccsv6\tools\compiler\msp430_4.3.3\lib\</path>
         <kind>archive</kind>
         <file>rts430x_lc_ld_eabi.lib</file>
         <name>copy_decompress_rle.obj</name>
      </input_file>
      <input_file id="fl-48">
         <path>C:\TI\ccsv6\ccsv6\tools\compiler\msp430_4.3.3\lib\</path>
         <kind>archive</kind>
         <file>rts430x_lc_ld_eabi.lib</file>
         <name>int30.obj</name>
      </input_file>
      <input_file id="fl-49">
         <path>C:\TI\ccsv6\ccsv6\tools\compiler\msp430_4.3.3\lib\</path>
         <kind>archive</kind>
         <file>rts430x_lc_ld_eabi.lib</file>
         <name>isr_trap.obj</name>
      </input_file>
      <input_file id="fl-4a">
         <path>C:\TI\ccsv6\ccsv6\tools\compiler\msp430_4.3.3\lib\</path>
         <kind>archive</kind>
         <file>rts430x_lc_ld_eabi.lib</file>
         <name>int32.obj</name>
      </input_file>
      <input_file id="fl-4b">
         <path>C:\TI\ccsv6\ccsv6\tools\compiler\msp430_4.3.3\lib\</path>
         <kind>archive</kind>
         <file>rts430x_lc_ld_eabi.lib</file>
         <name>int33.obj</name>
      </input_file>
      <input_file id="fl-4c">
         <path>C:\TI\ccsv6\ccsv6\tools\compiler\msp430_4.3.3\lib\</path>
         <kind>archive</kind>
         <file>rts430x_lc_ld_eabi.lib</file>
         <name>int34.obj</name>
      </input_file>
      <input_file id="fl-4d">
         <path>C:\TI\ccsv6\ccsv6\tools\compiler\msp430_4.3.3\lib\</path>
         <kind>archive</kind>
         <file>rts430x_lc_ld_eabi.lib</file>
         <name>int35.obj</name>
      </input_file>
      <input_file id="fl-4e">
         <path>C:\TI\ccsv6\ccsv6\tools\compiler\msp430_4.3.3\lib\</path>
         <kind>archive</kind>
         <file>rts430x_lc_ld_eabi.lib</file>
         <name>int37.obj</name>
      </input_file>
      <input_file id="fl-4f">
         <path>C:\TI\ccsv6\ccsv6\tools\compiler\msp430_4.3.3\lib\</path>
         <kind>archive</kind>
         <file>rts430x_lc_ld_eabi.lib</file>
         <name>int38.obj</name>
      </input_file>
      <input_file id="fl-50">
         <path>C:\TI\ccsv6\ccsv6\tools\compiler\msp430_4.3.3\lib\</path>
         <kind>archive</kind>
         <file>rts430x_lc_ld_eabi.lib</file>
         <name>int39.obj</name>
      </input_file>
      <input_file id="fl-51">
         <path>C:\TI\ccsv6\ccsv6\tools\compiler\msp430_4.3.3\lib\</path>
         <kind>archive</kind>
         <file>rts430x_lc_ld_eabi.lib</file>
         <name>int40.obj</name>
      </input_file>
      <input_file id="fl-52">
         <path>C:\TI\ccsv6\ccsv6\tools\compiler\msp430_4.3.3\lib\</path>
         <kind>archive</kind>
         <file>rts430x_lc_ld_eabi.lib</file>
         <name>int42.obj</name>
      </input_file>
      <input_file id="fl-53">
         <path>C:\TI\ccsv6\ccsv6\tools\compiler\msp430_4.3.3\lib\</path>
         <kind>archive</kind>
         <file>rts430x_lc_ld_eabi.lib</file>
         <name>int43.obj</name>
      </input_file>
      <input_file id="fl-54">
         <path>C:\TI\ccsv6\ccsv6\tools\compiler\msp430_4.3.3\lib\</path>
         <kind>archive</kind>
         <file>rts430x_lc_ld_eabi.lib</file>
         <name>int44.obj</name>
      </input_file>
      <input_file id="fl-55">
         <path>C:\TI\ccsv6\ccsv6\tools\compiler\msp430_4.3.3\lib\</path>
         <kind>archive</kind>
         <file>rts430x_lc_ld_eabi.lib</file>
         <name>int45.obj</name>
      </input_file>
      <input_file id="fl-56">
         <path>C:\TI\ccsv6\ccsv6\tools\compiler\msp430_4.3.3\lib\</path>
         <kind>archive</kind>
         <file>rts430x_lc_ld_eabi.lib</file>
         <name>int46.obj</name>
      </input_file>
      <input_file id="fl-57">
         <path>C:\TI\ccsv6\ccsv6\tools\compiler\msp430_4.3.3\lib\</path>
         <kind>archive</kind>
         <file>rts430x_lc_ld_eabi.lib</file>
         <name>int48.obj</name>
      </input_file>
      <input_file id="fl-58">
         <path>C:\TI\ccsv6\ccsv6\tools\compiler\msp430_4.3.3\lib\</path>
         <kind>archive</kind>
         <file>rts430x_lc_ld_eabi.lib</file>
         <name>int49.obj</name>
      </input_file>
      <input_file id="fl-59">
         <path>C:\TI\ccsv6\ccsv6\tools\compiler\msp430_4.3.3\lib\</path>
         <kind>archive</kind>
         <file>rts430x_lc_ld_eabi.lib</file>
         <name>int50.obj</name>
      </input_file>
      <input_file id="fl-5a">
         <path>C:\TI\ccsv6\ccsv6\tools\compiler\msp430_4.3.3\lib\</path>
         <kind>archive</kind>
         <file>rts430x_lc_ld_eabi.lib</file>
         <name>int52.obj</name>
      </input_file>
      <input_file id="fl-5b">
         <path>C:\TI\ccsv6\ccsv6\tools\compiler\msp430_4.3.3\lib\</path>
         <kind>archive</kind>
         <file>rts430x_lc_ld_eabi.lib</file>
         <name>int53.obj</name>
      </input_file>
      <input_file id="fl-5c">
         <path>C:\TI\ccsv6\ccsv6\tools\compiler\msp430_4.3.3\lib\</path>
         <kind>archive</kind>
         <file>rts430x_lc_ld_eabi.lib</file>
         <name>int54.obj</name>
      </input_file>
      <input_file id="fl-5d">
         <path>C:\TI\ccsv6\ccsv6\tools\compiler\msp430_4.3.3\lib\</path>
         <kind>archive</kind>
         <file>rts430x_lc_ld_eabi.lib</file>
         <name>copy_zero_init.obj</name>
      </input_file>
      <input_file id="fl-5e">
         <path>C:\TI\ccsv6\ccsv6\tools\compiler\msp430_4.3.3\lib\</path>
         <kind>archive</kind>
         <file>rts430x_lc_ld_eabi.lib</file>
         <name>fs_cmp.obj</name>
      </input_file>
      <input_file id="fl-5f">
         <path>C:\TI\ccsv6\ccsv6\tools\compiler\msp430_4.3.3\lib\</path>
         <kind>archive</kind>
         <file>rts430x_lc_ld_eabi.lib</file>
         <name>div16s.obj</name>
      </input_file>
      <input_file id="fl-60">
         <path>C:\TI\ccsv6\ccsv6\tools\compiler\msp430_4.3.3\lib\</path>
         <kind>archive</kind>
         <file>rts430x_lc_ld_eabi.lib</file>
         <name>div16u.obj</name>
      </input_file>
      <input_file id="fl-61">
         <path>C:\TI\ccsv6\ccsv6\tools\compiler\msp430_4.3.3\lib\</path>
         <kind>archive</kind>
         <file>rts430x_lc_ld_eabi.lib</file>
         <name>div32u.obj</name>
      </input_file>
      <input_file id="fl-62">
         <path>C:\TI\ccsv6\ccsv6\tools\compiler\msp430_4.3.3\lib\</path>
         <kind>archive</kind>
         <file>rts430x_lc_ld_eabi.lib</file>
         <name>fs_tou.obj</name>
      </input_file>
      <input_file id="fl-63">
         <path>C:\TI\ccsv6\ccsv6\tools\compiler\msp430_4.3.3\lib\</path>
         <kind>archive</kind>
         <file>rts430x_lc_ld_eabi.lib</file>
         <name>fs_utof.obj</name>
      </input_file>
      <input_file id="fl-64">
         <path>C:\TI\ccsv6\ccsv6\tools\compiler\msp430_4.3.3\lib\</path>
         <kind>archive</kind>
         <file>rts430x_lc_ld_eabi.lib</file>
         <name>fs_mpy.obj</name>
      </input_file>
      <input_file id="fl-65">
         <path>C:\TI\ccsv6\ccsv6\tools\compiler\msp430_4.3.3\lib\</path>
         <kind>archive</kind>
         <file>rts430x_lc_ld_eabi.lib</file>
         <name>mult16_f5hw.obj</name>
      </input_file>
      <input_file id="fl-66">
         <path>C:\TI\ccsv6\ccsv6\tools\compiler\msp430_4.3.3\lib\</path>
         <kind>archive</kind>
         <file>rts430x_lc_ld_eabi.lib</file>
         <name>mult32_f5hw.obj</name>
      </input_file>
      <input_file id="fl-67">
         <path>C:\TI\ccsv6\ccsv6\tools\compiler\msp430_4.3.3\lib\</path>
         <kind>archive</kind>
         <file>rts430x_lc_ld_eabi.lib</file>
         <name>boot.obj</name>
      </input_file>
      <input_file id="fl-68">
         <path>C:\TI\ccsv6\ccsv6\ccs_base\msp430\lib\FR59xx\</path>
         <kind>archive</kind>
         <file>MSPMPU_INIT_LIB_CCS_msp430_large_code_large_data.lib</file>
         <name>mpu_init.o</name>
      </input_file>
      <input_file id="fl-69">
         <path>C:\TI\ccsv6\ccsv6\tools\compiler\msp430_4.3.3\lib\</path>
         <kind>archive</kind>
         <file>rts430x_lc_ld_eabi.lib</file>
         <name>args_main.obj</name>
      </input_file>
      <input_file id="fl-6a">
         <path>C:\TI\ccsv6\ccsv6\tools\compiler\msp430_4.3.3\lib\</path>
         <kind>archive</kind>
         <file>rts430x_lc_ld_eabi.lib</file>
         <name>autoinit.obj</name>
      </input_file>
      <input_file id="fl-6b">
         <path>C:\TI\ccsv6\ccsv6\tools\compiler\msp430_4.3.3\lib\</path>
         <kind>archive</kind>
         <file>rts430x_lc_ld_eabi.lib</file>
         <name>asr32.obj</name>
      </input_file>
      <input_file id="fl-6c">
         <path>C:\TI\ccsv6\ccsv6\tools\compiler\msp430_4.3.3\lib\</path>
         <kind>archive</kind>
         <file>rts430x_lc_ld_eabi.lib</file>
         <name>exit.obj</name>
      </input_file>
      <input_file id="fl-6d">
         <path>C:\TI\ccsv6\ccsv6\tools\compiler\msp430_4.3.3\lib\</path>
         <kind>archive</kind>
         <file>rts430x_lc_ld_eabi.lib</file>
         <name>_lock.obj</name>
      </input_file>
      <input_file id="fl-6e">
         <path>C:\TI\ccsv6\ccsv6\tools\compiler\msp430_4.3.3\lib\</path>
         <kind>archive</kind>
         <file>rts430x_lc_ld_eabi.lib</file>
         <name>memcpy.obj</name>
      </input_file>
      <input_file id="fl-6f">
         <path>C:\TI\ccsv6\ccsv6\tools\compiler\msp430_4.3.3\lib\</path>
         <kind>archive</kind>
         <file>rts430x_lc_ld_eabi.lib</file>
         <name>memset.obj</name>
      </input_file>
   </input_file_list>
   <object_component_list>
      <object_component id="oc-195">
         <name>.TI.noinit</name>
         <load_address>0x4400</load_address>
         <run_address>0x4400</run_address>
         <size>0xc00</size>
         <input_file_ref idref="fl-7"/>
      </object_component>
      <object_component id="oc-104">
         <name>.TI.noinit</name>
         <load_address>0x5000</load_address>
         <run_address>0x5000</run_address>
         <size>0x613</size>
         <input_file_ref idref="fl-b"/>
      </object_component>
      <object_component id="oc-198">
         <name>.TI.noinit</name>
         <load_address>0x5614</load_address>
         <run_address>0x5614</run_address>
         <size>0xf</size>
         <input_file_ref idref="fl-2"/>
      </object_component>
      <object_component id="oc-473">
         <name>.cinit..data.load</name>
         <load_address>0x5800</load_address>
         <run_address>0x5800</run_address>
         <size>0x2c8</size>
      </object_component>
      <object_component id="oc-470">
         <name>__TI_handler_table</name>
         <load_address>0x5ac8</load_address>
         <run_address>0x5ac8</run_address>
         <size>0xc</size>
      </object_component>
      <object_component id="oc-472">
         <name>.cinit..bss.load</name>
         <load_address>0x5ad4</load_address>
         <run_address>0x5ad4</run_address>
         <size>0x6</size>
      </object_component>
      <object_component id="oc-471">
         <name>__TI_cinit_table</name>
         <load_address>0x5ada</load_address>
         <run_address>0x5ada</run_address>
         <size>0x10</size>
      </object_component>
      <object_component id="oc-2b3">
         <name>.const:.string:$P$T0$1</name>
         <load_address>0x5aea</load_address>
         <run_address>0x5aea</run_address>
         <size>0x50</size>
         <input_file_ref idref="fl-2"/>
      </object_component>
      <object_component id="oc-2f7">
         <name>.const:LSBValues</name>
         <load_address>0x5b3a</load_address>
         <run_address>0x5b3a</run_address>
         <size>0x30</size>
         <input_file_ref idref="fl-4"/>
      </object_component>
      <object_component id="oc-262">
         <name>.const:.string:CCFILE_TEXT_DEFAULT_DATA</name>
         <load_address>0x5b6a</load_address>
         <run_address>0x5b6a</run_address>
         <size>0xf</size>
         <input_file_ref idref="fl-7"/>
      </object_component>
      <object_component id="oc-139">
         <name>.text:ProcessReceivedFileText</name>
         <load_address>0x5c00</load_address>
         <run_address>0x5c00</run_address>
         <size>0x3b4</size>
         <input_file_ref idref="fl-7"/>
      </object_component>
      <object_component id="oc-c8">
         <name>.text:main</name>
         <load_address>0x5fb4</load_address>
         <run_address>0x5fb4</run_address>
         <size>0x390</size>
         <input_file_ref idref="fl-b"/>
      </object_component>
      <object_component id="oc-1ba">
         <name>.text:DL_Update</name>
         <load_address>0x6344</load_address>
         <run_address>0x6344</run_address>
         <size>0x270</size>
         <input_file_ref idref="fl-2"/>
      </object_component>
      <object_component id="oc-329">
         <name>.text:DL_Print_Timestamp</name>
         <load_address>0x65b4</load_address>
         <run_address>0x65b4</run_address>
         <size>0x1c8</size>
         <input_file_ref idref="fl-2"/>
      </object_component>
      <object_component id="oc-183">
         <name>.text:ServiceInterrupt</name>
         <load_address>0x677c</load_address>
         <run_address>0x677c</run_address>
         <size>0x1a2</size>
         <input_file_ref idref="fl-7"/>
      </object_component>
      <object_component id="oc-3ce">
         <name>.text:LightDecToAscii</name>
         <load_address>0x691e</load_address>
         <run_address>0x691e</run_address>
         <size>0x104</size>
         <input_file_ref idref="fl-2"/>
      </object_component>
      <object_component id="oc-1a2">
         <name>.text:TMP_Get_Temp</name>
         <load_address>0x6a22</load_address>
         <run_address>0x6a22</run_address>
         <size>0xf6</size>
         <input_file_ref idref="fl-a"/>
      </object_component>
      <object_component id="oc-271">
         <name>.text:DL_Update_Data</name>
         <load_address>0x6b18</load_address>
         <run_address>0x6b18</run_address>
         <size>0xea</size>
         <input_file_ref idref="fl-2"/>
      </object_component>
      <object_component id="oc-b6">
         <name>.text:_isr:USCI_B0_ISR</name>
         <load_address>0x6c02</load_address>
         <run_address>0x6c02</run_address>
         <size>0xe8</size>
         <input_file_ref idref="fl-6"/>
      </object_component>
      <object_component id="oc-12d">
         <name>.text:MSP430_Init</name>
         <load_address>0x6cea</load_address>
         <run_address>0x6cea</run_address>
         <size>0xda</size>
         <input_file_ref idref="fl-b"/>
      </object_component>
      <object_component id="oc-2ff">
         <name>.text</name>
         <load_address>0x6dc4</load_address>
         <run_address>0x6dc4</run_address>
         <size>0xb6</size>
         <input_file_ref idref="fl-64"/>
      </object_component>
      <object_component id="oc-3f4">
         <name>.text:DL_Get_Data</name>
         <load_address>0x6e7a</load_address>
         <run_address>0x6e7a</run_address>
         <size>0xae</size>
         <input_file_ref idref="fl-2"/>
      </object_component>
      <object_component id="oc-3c7">
         <name>.text:TempDecToAscii</name>
         <load_address>0x6f28</load_address>
         <run_address>0x6f28</run_address>
         <size>0xaa</size>
         <input_file_ref idref="fl-2"/>
      </object_component>
      <object_component id="oc-2f1">
         <name>.text:I2C_OPT_Read_Register</name>
         <load_address>0x6fd2</load_address>
         <run_address>0x6fd2</run_address>
         <size>0xa0</size>
         <input_file_ref idref="fl-4"/>
      </object_component>
      <object_component id="oc-c2">
         <name>.text:_auto_init_hold_wdt</name>
         <load_address>0x7072</load_address>
         <run_address>0x7072</run_address>
         <size>0x98</size>
         <input_file_ref idref="fl-6a"/>
      </object_component>
      <object_component id="oc-2ea">
         <name>.text:I2C_OPT_Write_Register</name>
         <load_address>0x710a</load_address>
         <run_address>0x710a</run_address>
         <size>0x90</size>
         <input_file_ref idref="fl-4"/>
      </object_component>
      <object_component id="oc-38a">
         <name>.text:E104_Send_File</name>
         <load_address>0x719a</load_address>
         <run_address>0x719a</run_address>
         <size>0x8e</size>
         <input_file_ref idref="fl-7"/>
      </object_component>
      <object_component id="oc-107">
         <name>.text:RTC_Set_Alarm</name>
         <load_address>0x7228</load_address>
         <run_address>0x7228</run_address>
         <size>0x7e</size>
         <input_file_ref idref="fl-8"/>
      </object_component>
      <object_component id="oc-2ca">
         <name>.text:TMP_I2C_Read_Register</name>
         <load_address>0x72a6</load_address>
         <run_address>0x72a6</run_address>
         <size>0x74</size>
         <input_file_ref idref="fl-a"/>
      </object_component>
      <object_component id="oc-1ae">
         <name>.text:GetLuxValue</name>
         <load_address>0x731a</load_address>
         <run_address>0x731a</run_address>
         <size>0x70</size>
         <input_file_ref idref="fl-4"/>
      </object_component>
      <object_component id="oc-3d5">
         <name>.text:HumidityDecToAscii</name>
         <load_address>0x738a</load_address>
         <run_address>0x738a</run_address>
         <size>0x6e</size>
         <input_file_ref idref="fl-2"/>
      </object_component>
      <object_component id="oc-13f">
         <name>.text:ResetDatalogger</name>
         <load_address>0x73f8</load_address>
         <run_address>0x73f8</run_address>
         <size>0x6e</size>
         <input_file_ref idref="fl-7"/>
      </object_component>
      <object_component id="oc-321">
         <name>.text:HDC_I2C_Measurement</name>
         <load_address>0x7466</load_address>
         <run_address>0x7466</run_address>
         <size>0x6c</size>
         <input_file_ref idref="fl-3"/>
      </object_component>
      <object_component id="oc-29a">
         <name>.text:CL331H_Write_Register</name>
         <load_address>0x74d2</load_address>
         <run_address>0x74d2</run_address>
         <size>0x6a</size>
         <input_file_ref idref="fl-5"/>
      </object_component>
      <object_component id="oc-33b">
         <name>.text:DL_Print_Humidity</name>
         <load_address>0x753c</load_address>
         <run_address>0x753c</run_address>
         <size>0x6a</size>
         <input_file_ref idref="fl-2"/>
      </object_component>
      <object_component id="oc-17d">
         <name>.text:CL331H_Read_Register</name>
         <load_address>0x75a6</load_address>
         <run_address>0x75a6</run_address>
         <size>0x68</size>
         <input_file_ref idref="fl-5"/>
      </object_component>
      <object_component id="oc-292">
         <name>.text:RF430_I2C_Write_Restart_Read</name>
         <load_address>0x760e</load_address>
         <run_address>0x760e</run_address>
         <size>0x62</size>
         <input_file_ref idref="fl-6"/>
      </object_component>
      <object_component id="oc-1c3">
         <name>.text:ResetRF430</name>
         <load_address>0x7670</load_address>
         <run_address>0x7670</run_address>
         <size>0x62</size>
         <input_file_ref idref="fl-5"/>
      </object_component>
      <object_component id="oc-ef">
         <name>.text:__TI_decompress_rle_core</name>
         <load_address>0x76d2</load_address>
         <run_address>0x76d2</run_address>
         <size>0x62</size>
         <input_file_ref idref="fl-47"/>
      </object_component>
      <object_component id="oc-32f">
         <name>.text:DL_Print_Temperature</name>
         <load_address>0x7734</load_address>
         <run_address>0x7734</run_address>
         <size>0x60</size>
         <input_file_ref idref="fl-2"/>
      </object_component>
      <object_component id="oc-342">
         <name>.text:RF430Patch</name>
         <load_address>0x7794</load_address>
         <run_address>0x7794</run_address>
         <size>0x60</size>
         <input_file_ref idref="fl-5"/>
      </object_component>
      <object_component id="oc-3ee">
         <name>.text:E104_Send_File_Record</name>
         <load_address>0x77f4</load_address>
         <run_address>0x77f4</run_address>
         <size>0x5a</size>
         <input_file_ref idref="fl-7"/>
      </object_component>
      <object_component id="oc-2d5">
         <name>.text</name>
         <load_address>0x784e</load_address>
         <run_address>0x784e</run_address>
         <size>0x58</size>
         <input_file_ref idref="fl-61"/>
      </object_component>
      <object_component id="oc-335">
         <name>.text:DL_Print_Light</name>
         <load_address>0x78a6</load_address>
         <run_address>0x78a6</run_address>
         <size>0x56</size>
         <input_file_ref idref="fl-2"/>
      </object_component>
      <object_component id="oc-315">
         <name>.text:HDC_I2C_Write_Register</name>
         <load_address>0x78fc</load_address>
         <run_address>0x78fc</run_address>
         <size>0x54</size>
         <input_file_ref idref="fl-3"/>
      </object_component>
      <object_component id="oc-3a4">
         <name>.text:DL_Update_Length</name>
         <load_address>0x7950</load_address>
         <run_address>0x7950</run_address>
         <size>0x4a</size>
         <input_file_ref idref="fl-2"/>
      </object_component>
      <object_component id="oc-304">
         <name>.text</name>
         <load_address>0x799a</load_address>
         <run_address>0x799a</run_address>
         <size>0x4a</size>
         <input_file_ref idref="fl-5e"/>
      </object_component>
      <object_component id="oc-1b4">
         <name>.text:HDC_Get_Humidity</name>
         <load_address>0x79e4</load_address>
         <run_address>0x79e4</run_address>
         <size>0x46</size>
         <input_file_ref idref="fl-3"/>
      </object_component>
      <object_component id="oc-309">
         <name>.text</name>
         <load_address>0x7a2a</load_address>
         <run_address>0x7a2a</run_address>
         <size>0x46</size>
         <input_file_ref idref="fl-62"/>
      </object_component>
      <object_component id="oc-31b">
         <name>.text:HDC_I2C_Trigger_Measurement</name>
         <load_address>0x7a70</load_address>
         <run_address>0x7a70</run_address>
         <size>0x44</size>
         <input_file_ref idref="fl-3"/>
      </object_component>
      <object_component id="oc-390">
         <name>.text:Write_Continuous</name>
         <load_address>0x7ab4</load_address>
         <run_address>0x7ab4</run_address>
         <size>0x42</size>
         <input_file_ref idref="fl-5"/>
      </object_component>
      <object_component id="oc-1c9">
         <name>.text:RF430CL331H_Init</name>
         <load_address>0x7af6</load_address>
         <run_address>0x7af6</run_address>
         <size>0x3e</size>
         <input_file_ref idref="fl-5"/>
      </object_component>
      <object_component id="oc-37d">
         <name>.text:RF430_I2C_Write</name>
         <load_address>0x7b34</load_address>
         <run_address>0x7b34</run_address>
         <size>0x3e</size>
         <input_file_ref idref="fl-6"/>
      </object_component>
      <object_component id="oc-126">
         <name>.text:l_asr_const</name>
         <load_address>0x7b72</load_address>
         <run_address>0x7b72</run_address>
         <size>0x3e</size>
         <input_file_ref idref="fl-6b"/>
      </object_component>
      <object_component id="oc-aa">
         <name>.text:_isr:PORT2_ISR</name>
         <load_address>0x7bb0</load_address>
         <run_address>0x7bb0</run_address>
         <size>0x3c</size>
         <input_file_ref idref="fl-b"/>
      </object_component>
      <object_component id="oc-133">
         <name>.text:RTC_Init</name>
         <load_address>0x7bec</load_address>
         <run_address>0x7bec</run_address>
         <size>0x38</size>
         <input_file_ref idref="fl-8"/>
      </object_component>
      <object_component id="oc-2a6">
         <name>.text:SearchForFile</name>
         <load_address>0x7c24</load_address>
         <run_address>0x7c24</run_address>
         <size>0x34</size>
         <input_file_ref idref="fl-7"/>
      </object_component>
      <object_component id="oc-2a0">
         <name>.text:SendDataOnFile</name>
         <load_address>0x7c58</load_address>
         <run_address>0x7c58</run_address>
         <size>0x32</size>
         <input_file_ref idref="fl-7"/>
      </object_component>
      <object_component id="oc-399">
         <name>.text:Read_Continuous</name>
         <load_address>0x7c8a</load_address>
         <run_address>0x7c8a</run_address>
         <size>0x2e</size>
         <input_file_ref idref="fl-5"/>
      </object_component>
      <object_component id="oc-a4">
         <name>.text:_isr:RTCISR</name>
         <load_address>0x7cb8</load_address>
         <run_address>0x7cb8</run_address>
         <size>0x2e</size>
         <input_file_ref idref="fl-8"/>
      </object_component>
      <object_component id="oc-28c">
         <name>.text:CL331H_I2C_Init</name>
         <load_address>0x7ce6</load_address>
         <run_address>0x7ce6</run_address>
         <size>0x2c</size>
         <input_file_ref idref="fl-5"/>
      </object_component>
      <object_component id="oc-20f">
         <name>.text:Timer_Init</name>
         <load_address>0x7d12</load_address>
         <run_address>0x7d12</run_address>
         <size>0x2c</size>
         <input_file_ref idref="fl-b"/>
      </object_component>
      <object_component id="oc-403">
         <name>.text</name>
         <load_address>0x7d3e</load_address>
         <run_address>0x7d3e</run_address>
         <size>0x2c</size>
         <input_file_ref idref="fl-5f"/>
      </object_component>
      <object_component id="oc-2e4">
         <name>.text:I2C_OPT_Init</name>
         <load_address>0x7d6a</load_address>
         <run_address>0x7d6a</run_address>
         <size>0x2a</size>
         <input_file_ref idref="fl-4"/>
      </object_component>
      <object_component id="oc-db">
         <name>.text:memcpy</name>
         <load_address>0x7d94</load_address>
         <run_address>0x7d94</run_address>
         <size>0x2a</size>
         <input_file_ref idref="fl-6e"/>
      </object_component>
      <object_component id="oc-30f">
         <name>.text:HDC_Init</name>
         <load_address>0x7dbe</load_address>
         <run_address>0x7dbe</run_address>
         <size>0x28</size>
         <input_file_ref idref="fl-3"/>
      </object_component>
      <object_component id="oc-19b">
         <name>.text:Low_Power_Delay_ms</name>
         <load_address>0x7de6</load_address>
         <run_address>0x7de6</run_address>
         <size>0x26</size>
         <input_file_ref idref="fl-9"/>
      </object_component>
      <object_component id="oc-2ac">
         <name>.text:ReadDataOnFile</name>
         <load_address>0x7e0c</load_address>
         <run_address>0x7e0c</run_address>
         <size>0x26</size>
         <input_file_ref idref="fl-7"/>
      </object_component>
      <object_component id="oc-2c4">
         <name>.text:TMP_I2C_Init</name>
         <load_address>0x7e32</load_address>
         <run_address>0x7e32</run_address>
         <size>0x26</size>
         <input_file_ref idref="fl-a"/>
      </object_component>
      <object_component id="oc-189">
         <name>.text:DL_Print_Power_Lost</name>
         <load_address>0x7e58</load_address>
         <run_address>0x7e58</run_address>
         <size>0x24</size>
         <input_file_ref idref="fl-2"/>
      </object_component>
      <object_component id="oc-8f">
         <name>.text:decompress:ZI:__TI_zero_init</name>
         <load_address>0x7e7c</load_address>
         <run_address>0x7e7c</run_address>
         <size>0x24</size>
         <input_file_ref idref="fl-5d"/>
      </object_component>
      <object_component id="oc-2fa">
         <name>.text</name>
         <load_address>0x7ea0</load_address>
         <run_address>0x7ea0</run_address>
         <size>0x24</size>
         <input_file_ref idref="fl-63"/>
      </object_component>
      <object_component id="oc-383">
         <name>.text:RF430_I2C_Send_Stop</name>
         <load_address>0x7ec4</load_address>
         <run_address>0x7ec4</run_address>
         <size>0x22</size>
         <input_file_ref idref="fl-6"/>
      </object_component>
      <object_component id="oc-2d0">
         <name>.text</name>
         <load_address>0x7ee6</load_address>
         <run_address>0x7ee6</run_address>
         <size>0x22</size>
         <input_file_ref idref="fl-66"/>
      </object_component>
      <object_component id="oc-286">
         <name>.text:memset</name>
         <load_address>0x7f08</load_address>
         <run_address>0x7f08</run_address>
         <size>0x20</size>
         <input_file_ref idref="fl-6f"/>
      </object_component>
      <object_component id="oc-15c">
         <name>.text:FetchReceivedDate</name>
         <load_address>0x7f28</load_address>
         <run_address>0x7f28</run_address>
         <size>0x1c</size>
         <input_file_ref idref="fl-7"/>
      </object_component>
      <object_component id="oc-16a">
         <name>.text:FetchReceivedTime</name>
         <load_address>0x7f44</load_address>
         <run_address>0x7f44</run_address>
         <size>0x1c</size>
         <input_file_ref idref="fl-7"/>
      </object_component>
      <object_component id="oc-163">
         <name>.text:RTC_Set_Date</name>
         <load_address>0x7f60</load_address>
         <run_address>0x7f60</run_address>
         <size>0x1c</size>
         <input_file_ref idref="fl-8"/>
      </object_component>
      <object_component id="oc-25c">
         <name>.text:DL_Reset</name>
         <load_address>0x7f7c</load_address>
         <run_address>0x7f7c</run_address>
         <size>0x1a</size>
         <input_file_ref idref="fl-2"/>
      </object_component>
      <object_component id="oc-171">
         <name>.text:RTC_Set_Time</name>
         <load_address>0x7f96</load_address>
         <run_address>0x7f96</run_address>
         <size>0x1a</size>
         <input_file_ref idref="fl-8"/>
      </object_component>
      <object_component id="oc-7e">
         <name>.text:_isr:_c_int00_noexit</name>
         <load_address>0x7fb0</load_address>
         <run_address>0x7fb0</run_address>
         <size>0x1a</size>
         <input_file_ref idref="fl-67"/>
      </object_component>
      <object_component id="oc-89">
         <name>.text:decompress:none:__TI_decompress_none</name>
         <load_address>0x7fca</load_address>
         <run_address>0x7fca</run_address>
         <size>0x16</size>
         <input_file_ref idref="fl-46"/>
      </object_component>
      <object_component id="oc-1f6">
         <name>.text</name>
         <load_address>0x7fe0</load_address>
         <run_address>0x7fe0</run_address>
         <size>0x16</size>
         <input_file_ref idref="fl-60"/>
      </object_component>
      <object_component id="oc-1f1">
         <name>.text</name>
         <load_address>0x7ff6</load_address>
         <run_address>0x7ff6</run_address>
         <size>0x16</size>
         <input_file_ref idref="fl-65"/>
      </object_component>
      <object_component id="oc-145">
         <name>.text:RTC_Disable_Alarm</name>
         <load_address>0x800c</load_address>
         <run_address>0x800c</run_address>
         <size>0x14</size>
         <input_file_ref idref="fl-8"/>
      </object_component>
      <object_component id="oc-35c">
         <name>.text:DL_Get_State</name>
         <load_address>0x8020</load_address>
         <run_address>0x8020</run_address>
         <size>0x10</size>
         <input_file_ref idref="fl-2"/>
      </object_component>
      <object_component id="oc-1a8">
         <name>.text:StartLuxMeasurement</name>
         <load_address>0x8030</load_address>
         <run_address>0x8030</run_address>
         <size>0x10</size>
         <input_file_ref idref="fl-4"/>
      </object_component>
      <object_component id="oc-2b8">
         <name>.text:DL_Update_Pointers</name>
         <load_address>0x8040</load_address>
         <run_address>0x8040</run_address>
         <size>0xe</size>
         <input_file_ref idref="fl-2"/>
      </object_component>
      <object_component id="oc-b0">
         <name>.text:_isr:Timer1_A0_ISR</name>
         <load_address>0x804e</load_address>
         <run_address>0x804e</run_address>
         <size>0xe</size>
         <input_file_ref idref="fl-b"/>
      </object_component>
      <object_component id="oc-bc">
         <name>.text:_system_pre_init</name>
         <load_address>0x805c</load_address>
         <run_address>0x805c</run_address>
         <size>0xa</size>
         <input_file_ref idref="fl-c"/>
      </object_component>
      <object_component id="oc-18f">
         <name>.text:DL_Reload_Length</name>
         <load_address>0x8066</load_address>
         <run_address>0x8066</run_address>
         <size>0x8</size>
         <input_file_ref idref="fl-2"/>
      </object_component>
      <object_component id="oc-177">
         <name>.text:FetchReceivedMode</name>
         <load_address>0x806e</load_address>
         <run_address>0x806e</run_address>
         <size>0x8</size>
         <input_file_ref idref="fl-7"/>
      </object_component>
      <object_component id="oc-14e">
         <name>.text:FetchReceivedPollingInterval</name>
         <load_address>0x8076</load_address>
         <run_address>0x8076</run_address>
         <size>0x8</size>
         <input_file_ref idref="fl-7"/>
      </object_component>
      <object_component id="oc-155">
         <name>.text:FetchReceivedTempMode</name>
         <load_address>0x807e</load_address>
         <run_address>0x807e</run_address>
         <size>0x8</size>
         <input_file_ref idref="fl-7"/>
      </object_component>
      <object_component id="oc-d5">
         <name>.text:_isr:Timer0_B0_ISR</name>
         <load_address>0x8086</load_address>
         <run_address>0x8086</run_address>
         <size>0x8</size>
         <input_file_ref idref="fl-b"/>
      </object_component>
      <object_component id="oc-365">
         <name>.text:DL_Jump_Pointers</name>
         <load_address>0x808e</load_address>
         <run_address>0x808e</run_address>
         <size>0x6</size>
         <input_file_ref idref="fl-2"/>
      </object_component>
      <object_component id="oc-268">
         <name>.text:DL_Set_Record_Header</name>
         <load_address>0x8094</load_address>
         <run_address>0x8094</run_address>
         <size>0x6</size>
         <input_file_ref idref="fl-2"/>
      </object_component>
      <object_component id="oc-9f">
         <name>.text:__TI_ISR_TRAP</name>
         <load_address>0x809a</load_address>
         <run_address>0x809a</run_address>
         <size>0x6</size>
         <input_file_ref idref="fl-49"/>
      </object_component>
      <object_component id="oc-95">
         <name>.text:decompress:rle24:__TI_decompress_rle24</name>
         <load_address>0x80a0</load_address>
         <run_address>0x80a0</run_address>
         <size>0x6</size>
         <input_file_ref idref="fl-47"/>
      </object_component>
      <object_component id="oc-ce">
         <name>.text:abort</name>
         <load_address>0x80a6</load_address>
         <run_address>0x80a6</run_address>
         <size>0x4</size>
         <input_file_ref idref="fl-6c"/>
      </object_component>
      <object_component id="oc-3e8">
         <name>.common:PTxData</name>
         <uninitialized>true</uninitialized>
         <run_address>0x1f58</run_address>
         <size>0x4</size>
      </object_component>
      <object_component id="oc-378">
         <name>.common:PRxData</name>
         <uninitialized>true</uninitialized>
         <run_address>0x1f54</run_address>
         <size>0x4</size>
      </object_component>
      <object_component id="oc-3eb">
         <name>.common:TXByteCtr</name>
         <uninitialized>true</uninitialized>
         <run_address>0x1f62</run_address>
         <size>0x2</size>
      </object_component>
      <object_component id="oc-379">
         <name>.common:RXByteCtr</name>
         <uninitialized>true</uninitialized>
         <run_address>0x1f60</run_address>
         <size>0x2</size>
      </object_component>
      <object_component id="oc-3ea">
         <name>.common:RF430_I2C_State</name>
         <uninitialized>true</uninitialized>
         <run_address>0x1f68</run_address>
         <size>0x1</size>
      </object_component>
      <object_component id="oc-250">
         <name>.common:g_u8PollingIntervalLength</name>
         <uninitialized>true</uninitialized>
         <run_address>0x1f69</run_address>
         <size>0x1</size>
      </object_component>
      <object_component id="oc-398">
         <name>.common:ReceivedFileTextPrebuf</name>
         <uninitialized>true</uninitialized>
         <run_address>0x1ef0</run_address>
         <size>0x64</size>
      </object_component>
      <object_component id="oc-408">
         <name>.common:ui8TemperatureNegFlag</name>
         <uninitialized>true</uninitialized>
         <run_address>0x1f6a</run_address>
         <size>0x1</size>
      </object_component>
      <object_component id="oc-170">
         <name>.common:uc8ReceivedData</name>
         <uninitialized>true</uninitialized>
         <run_address>0x1f5c</run_address>
         <size>0x4</size>
      </object_component>
      <object_component id="oc-2e0">
         <name>.common:g_TempDataFahr</name>
         <uninitialized>true</uninitialized>
         <run_address>0x1f66</run_address>
         <size>0x2</size>
      </object_component>
      <object_component id="oc-2e1">
         <name>.common:g_TempDataCel</name>
         <uninitialized>true</uninitialized>
         <run_address>0x1f64</run_address>
         <size>0x2</size>
      </object_component>
      <object_component id="oc-9b">
         <name>.stack</name>
         <uninitialized>true</uninitialized>
         <run_address>0x2360</run_address>
         <size>0x4</size>
         <input_file_ref idref="fl-67"/>
      </object_component>
      <object_component id="oc-474">
         <name>.stack</name>
         <uninitialized>true</uninitialized>
         <run_address>0x2360</run_address>
         <size>0x0</size>
      </object_component>
      <object_component id="oc-6a">
         <name>.int30</name>
         <load_address>0xffcc</load_address>
         <run_address>0xffcc</run_address>
         <size>0x2</size>
         <input_file_ref idref="fl-48"/>
      </object_component>
      <object_component id="oc-6b">
         <name>.int31</name>
         <load_address>0xffce</load_address>
         <run_address>0xffce</run_address>
         <size>0x2</size>
         <input_file_ref idref="fl-8"/>
      </object_component>
      <object_component id="oc-6c">
         <name>.int32</name>
         <load_address>0xffd0</load_address>
         <run_address>0xffd0</run_address>
         <size>0x2</size>
         <input_file_ref idref="fl-4a"/>
      </object_component>
      <object_component id="oc-6d">
         <name>.int33</name>
         <load_address>0xffd2</load_address>
         <run_address>0xffd2</run_address>
         <size>0x2</size>
         <input_file_ref idref="fl-4b"/>
      </object_component>
      <object_component id="oc-6e">
         <name>.int34</name>
         <load_address>0xffd4</load_address>
         <run_address>0xffd4</run_address>
         <size>0x2</size>
         <input_file_ref idref="fl-4c"/>
      </object_component>
      <object_component id="oc-6f">
         <name>.int35</name>
         <load_address>0xffd6</load_address>
         <run_address>0xffd6</run_address>
         <size>0x2</size>
         <input_file_ref idref="fl-4d"/>
      </object_component>
      <object_component id="oc-70">
         <name>.int36</name>
         <load_address>0xffd8</load_address>
         <run_address>0xffd8</run_address>
         <size>0x2</size>
         <input_file_ref idref="fl-b"/>
      </object_component>
      <object_component id="oc-71">
         <name>.int37</name>
         <load_address>0xffda</load_address>
         <run_address>0xffda</run_address>
         <size>0x2</size>
         <input_file_ref idref="fl-4e"/>
      </object_component>
      <object_component id="oc-72">
         <name>.int38</name>
         <load_address>0xffdc</load_address>
         <run_address>0xffdc</run_address>
         <size>0x2</size>
         <input_file_ref idref="fl-4f"/>
      </object_component>
      <object_component id="oc-73">
         <name>.int39</name>
         <load_address>0xffde</load_address>
         <run_address>0xffde</run_address>
         <size>0x2</size>
         <input_file_ref idref="fl-50"/>
      </object_component>
      <object_component id="oc-74">
         <name>.int40</name>
         <load_address>0xffe0</load_address>
         <run_address>0xffe0</run_address>
         <size>0x2</size>
         <input_file_ref idref="fl-51"/>
      </object_component>
      <object_component id="oc-75">
         <name>.int41</name>
         <load_address>0xffe2</load_address>
         <run_address>0xffe2</run_address>
         <size>0x2</size>
         <input_file_ref idref="fl-b"/>
      </object_component>
      <object_component id="oc-76">
         <name>.int42</name>
         <load_address>0xffe4</load_address>
         <run_address>0xffe4</run_address>
         <size>0x2</size>
         <input_file_ref idref="fl-52"/>
      </object_component>
      <object_component id="oc-77">
         <name>.int43</name>
         <load_address>0xffe6</load_address>
         <run_address>0xffe6</run_address>
         <size>0x2</size>
         <input_file_ref idref="fl-53"/>
      </object_component>
      <object_component id="oc-78">
         <name>.int44</name>
         <load_address>0xffe8</load_address>
         <run_address>0xffe8</run_address>
         <size>0x2</size>
         <input_file_ref idref="fl-54"/>
      </object_component>
      <object_component id="oc-79">
         <name>.int45</name>
         <load_address>0xffea</load_address>
         <run_address>0xffea</run_address>
         <size>0x2</size>
         <input_file_ref idref="fl-55"/>
      </object_component>
      <object_component id="oc-7a">
         <name>.int46</name>
         <load_address>0xffec</load_address>
         <run_address>0xffec</run_address>
         <size>0x2</size>
         <input_file_ref idref="fl-56"/>
      </object_component>
      <object_component id="oc-7b">
         <name>.int47</name>
         <load_address>0xffee</load_address>
         <run_address>0xffee</run_address>
         <size>0x2</size>
         <input_file_ref idref="fl-6"/>
      </object_component>
      <object_component id="oc-7c">
         <name>.int48</name>
         <load_address>0xfff0</load_address>
         <run_address>0xfff0</run_address>
         <size>0x2</size>
         <input_file_ref idref="fl-57"/>
      </object_component>
      <object_component id="oc-7d">
         <name>.int49</name>
         <load_address>0xfff2</load_address>
         <run_address>0xfff2</run_address>
         <size>0x2</size>
         <input_file_ref idref="fl-58"/>
      </object_component>
      <object_component id="oc-84">
         <name>.int50</name>
         <load_address>0xfff4</load_address>
         <run_address>0xfff4</run_address>
         <size>0x2</size>
         <input_file_ref idref="fl-59"/>
      </object_component>
      <object_component id="oc-85">
         <name>.int51</name>
         <load_address>0xfff6</load_address>
         <run_address>0xfff6</run_address>
         <size>0x2</size>
         <input_file_ref idref="fl-b"/>
      </object_component>
      <object_component id="oc-86">
         <name>.int52</name>
         <load_address>0xfff8</load_address>
         <run_address>0xfff8</run_address>
         <size>0x2</size>
         <input_file_ref idref="fl-5a"/>
      </object_component>
      <object_component id="oc-87">
         <name>.int53</name>
         <load_address>0xfffa</load_address>
         <run_address>0xfffa</run_address>
         <size>0x2</size>
         <input_file_ref idref="fl-5b"/>
      </object_component>
      <object_component id="oc-88">
         <name>.int54</name>
         <load_address>0xfffc</load_address>
         <run_address>0xfffc</run_address>
         <size>0x2</size>
         <input_file_ref idref="fl-5c"/>
      </object_component>
      <object_component id="oc-9e">
         <name>.reset</name>
         <load_address>0xfffe</load_address>
         <run_address>0xfffe</run_address>
         <size>0x2</size>
         <input_file_ref idref="fl-67"/>
      </object_component>
      <object_component id="oc-10d">
         <name>.data</name>
         <load_address>0x1ebe</load_address>
         <run_address>0x1ebe</run_address>
         <size>0x12</size>
         <input_file_ref idref="fl-b"/>
      </object_component>
      <object_component id="oc-11a">
         <name>.data</name>
         <load_address>0x1e33</load_address>
         <run_address>0x1e33</run_address>
         <size>0x1</size>
         <input_file_ref idref="fl-6"/>
      </object_component>
      <object_component id="oc-265">
         <name>.data:E104_DEFAULT_DATA_RECORD</name>
         <load_address>0x1ee0</load_address>
         <run_address>0x1ee0</run_address>
         <size>0xc</size>
         <input_file_ref idref="fl-7"/>
      </object_component>
      <object_component id="oc-26e">
         <name>.data:E104_DEFAULT_DATA</name>
         <load_address>0x1c00</load_address>
         <run_address>0x1c00</run_address>
         <size>0x233</size>
         <input_file_ref idref="fl-7"/>
      </object_component>
      <object_component id="oc-277">
         <name>.data</name>
         <load_address>0x1eec</load_address>
         <run_address>0x1eec</run_address>
         <size>0x2</size>
         <input_file_ref idref="fl-7"/>
      </object_component>
      <object_component id="oc-351">
         <name>.data</name>
         <load_address>0x1ed0</load_address>
         <run_address>0x1ed0</run_address>
         <size>0x10</size>
         <input_file_ref idref="fl-2"/>
      </object_component>
      <object_component id="oc-362">
         <name>.data:p_uc8MemoryFullMessage</name>
         <load_address>0x1e82</load_address>
         <run_address>0x1e82</run_address>
         <size>0x3c</size>
         <input_file_ref idref="fl-2"/>
      </object_component>
      <object_component id="oc-3dc">
         <name>.data:patch_looping</name>
         <load_address>0x1e34</load_address>
         <run_address>0x1e34</run_address>
         <size>0x4e</size>
         <input_file_ref idref="fl-5"/>
      </object_component>
      <object_component id="oc-3fb">
         <name>.data:TxAddr</name>
         <load_address>0x1eee</load_address>
         <run_address>0x1eee</run_address>
         <size>0x2</size>
         <input_file_ref idref="fl-5"/>
      </object_component>
      <object_component id="oc-7f">
         <name>.debug_info</name>
         <load_address>0x0</load_address>
         <run_address>0x0</run_address>
         <size>0x13d</size>
         <input_file_ref idref="fl-67"/>
      </object_component>
      <object_component id="oc-8c">
         <name>.debug_info</name>
         <load_address>0x13d</load_address>
         <run_address>0x13d</run_address>
         <size>0x1ac</size>
         <input_file_ref idref="fl-46"/>
      </object_component>
      <object_component id="oc-90">
         <name>.debug_info</name>
         <load_address>0x2e9</load_address>
         <run_address>0x2e9</run_address>
         <size>0x187</size>
         <input_file_ref idref="fl-5d"/>
      </object_component>
      <object_component id="oc-97">
         <name>.debug_info</name>
         <load_address>0x470</load_address>
         <run_address>0x470</run_address>
         <size>0x1a6</size>
         <input_file_ref idref="fl-47"/>
      </object_component>
      <object_component id="oc-9c">
         <name>.debug_info</name>
         <load_address>0x616</load_address>
         <run_address>0x616</run_address>
         <size>0xc2</size>
         <input_file_ref idref="fl-67"/>
      </object_component>
      <object_component id="oc-a0">
         <name>.debug_info</name>
         <load_address>0x6d8</load_address>
         <run_address>0x6d8</run_address>
         <size>0xda</size>
         <input_file_ref idref="fl-49"/>
      </object_component>
      <object_component id="oc-a5">
         <name>.debug_info</name>
         <load_address>0x7b2</load_address>
         <run_address>0x7b2</run_address>
         <size>0x182</size>
         <input_file_ref idref="fl-8"/>
      </object_component>
      <object_component id="oc-ab">
         <name>.debug_info</name>
         <load_address>0x934</load_address>
         <run_address>0x934</run_address>
         <size>0x17a</size>
         <input_file_ref idref="fl-b"/>
      </object_component>
      <object_component id="oc-b1">
         <name>.debug_info</name>
         <load_address>0xaae</load_address>
         <run_address>0xaae</run_address>
         <size>0x182</size>
         <input_file_ref idref="fl-b"/>
      </object_component>
      <object_component id="oc-b7">
         <name>.debug_info</name>
         <load_address>0xc30</load_address>
         <run_address>0xc30</run_address>
         <size>0x19d</size>
         <input_file_ref idref="fl-6"/>
      </object_component>
      <object_component id="oc-bd">
         <name>.debug_info</name>
         <load_address>0xdcd</load_address>
         <run_address>0xdcd</run_address>
         <size>0x1a9</size>
         <input_file_ref idref="fl-c"/>
      </object_component>
      <object_component id="oc-c3">
         <name>.debug_info</name>
         <load_address>0xf76</load_address>
         <run_address>0xf76</run_address>
         <size>0x1ce</size>
         <input_file_ref idref="fl-6a"/>
      </object_component>
      <object_component id="oc-c9">
         <name>.debug_info</name>
         <load_address>0x1144</load_address>
         <run_address>0x1144</run_address>
         <size>0x58c</size>
         <input_file_ref idref="fl-b"/>
      </object_component>
      <object_component id="oc-cf">
         <name>.debug_info</name>
         <load_address>0x16d0</load_address>
         <run_address>0x16d0</run_address>
         <size>0xe4</size>
         <input_file_ref idref="fl-6c"/>
      </object_component>
      <object_component id="oc-d6">
         <name>.debug_info</name>
         <load_address>0x17b4</load_address>
         <run_address>0x17b4</run_address>
         <size>0x182</size>
         <input_file_ref idref="fl-b"/>
      </object_component>
      <object_component id="oc-dc">
         <name>.debug_info</name>
         <load_address>0x1936</load_address>
         <run_address>0x1936</run_address>
         <size>0x18b</size>
         <input_file_ref idref="fl-6e"/>
      </object_component>
      <object_component id="oc-e2">
         <name>.debug_info</name>
         <load_address>0x1ac1</load_address>
         <run_address>0x1ac1</run_address>
         <size>0x46</size>
         <input_file_ref idref="fl-46"/>
      </object_component>
      <object_component id="oc-e7">
         <name>.debug_info</name>
         <load_address>0x1b07</load_address>
         <run_address>0x1b07</run_address>
         <size>0x193</size>
         <input_file_ref idref="fl-46"/>
      </object_component>
      <object_component id="oc-e9">
         <name>.debug_info</name>
         <load_address>0x1c9a</load_address>
         <run_address>0x1c9a</run_address>
         <size>0x46</size>
         <input_file_ref idref="fl-5d"/>
      </object_component>
      <object_component id="oc-ee">
         <name>.debug_info</name>
         <load_address>0x1ce0</load_address>
         <run_address>0x1ce0</run_address>
         <size>0x141</size>
         <input_file_ref idref="fl-5d"/>
      </object_component>
      <object_component id="oc-f1">
         <name>.debug_info</name>
         <load_address>0x1e21</load_address>
         <run_address>0x1e21</run_address>
         <size>0x207</size>
         <input_file_ref idref="fl-47"/>
      </object_component>
      <object_component id="oc-f6">
         <name>.debug_info</name>
         <load_address>0x2028</load_address>
         <run_address>0x2028</run_address>
         <size>0x150</size>
         <input_file_ref idref="fl-47"/>
      </object_component>
      <object_component id="oc-f7">
         <name>.debug_info</name>
         <load_address>0x2178</load_address>
         <run_address>0x2178</run_address>
         <size>0x39</size>
         <input_file_ref idref="fl-47"/>
      </object_component>
      <object_component id="oc-fe">
         <name>.debug_info</name>
         <load_address>0x21b1</load_address>
         <run_address>0x21b1</run_address>
         <size>0x84</size>
         <input_file_ref idref="fl-2"/>
      </object_component>
      <object_component id="oc-105">
         <name>.debug_info</name>
         <load_address>0x2235</load_address>
         <run_address>0x2235</run_address>
         <size>0x345</size>
         <input_file_ref idref="fl-b"/>
      </object_component>
      <object_component id="oc-108">
         <name>.debug_info</name>
         <load_address>0x257a</load_address>
         <run_address>0x257a</run_address>
         <size>0x25e</size>
         <input_file_ref idref="fl-8"/>
      </object_component>
      <object_component id="oc-10e">
         <name>.debug_info</name>
         <load_address>0x27d8</load_address>
         <run_address>0x27d8</run_address>
         <size>0x425</size>
         <input_file_ref idref="fl-b"/>
      </object_component>
      <object_component id="oc-114">
         <name>.debug_info</name>
         <load_address>0x2bfd</load_address>
         <run_address>0x2bfd</run_address>
         <size>0x47c</size>
         <input_file_ref idref="fl-6"/>
      </object_component>
      <object_component id="oc-11b">
         <name>.debug_info</name>
         <load_address>0x3079</load_address>
         <run_address>0x3079</run_address>
         <size>0x15d</size>
         <input_file_ref idref="fl-6"/>
      </object_component>
      <object_component id="oc-127">
         <name>.debug_info</name>
         <load_address>0x31d6</load_address>
         <run_address>0x31d6</run_address>
         <size>0xf1</size>
         <input_file_ref idref="fl-6b"/>
      </object_component>
      <object_component id="oc-12c">
         <name>.debug_info</name>
         <load_address>0x32c7</load_address>
         <run_address>0x32c7</run_address>
         <size>0x2f0</size>
         <input_file_ref idref="fl-6a"/>
      </object_component>
      <object_component id="oc-12e">
         <name>.debug_info</name>
         <load_address>0x35b7</load_address>
         <run_address>0x35b7</run_address>
         <size>0x19d</size>
         <input_file_ref idref="fl-b"/>
      </object_component>
      <object_component id="oc-134">
         <name>.debug_info</name>
         <load_address>0x3754</load_address>
         <run_address>0x3754</run_address>
         <size>0x171</size>
         <input_file_ref idref="fl-8"/>
      </object_component>
      <object_component id="oc-13a">
         <name>.debug_info</name>
         <load_address>0x38c5</load_address>
         <run_address>0x38c5</run_address>
         <size>0x277</size>
         <input_file_ref idref="fl-7"/>
      </object_component>
      <object_component id="oc-140">
         <name>.debug_info</name>
         <load_address>0x3b3c</load_address>
         <run_address>0x3b3c</run_address>
         <size>0x207</size>
         <input_file_ref idref="fl-7"/>
      </object_component>
      <object_component id="oc-146">
         <name>.debug_info</name>
         <load_address>0x3d43</load_address>
         <run_address>0x3d43</run_address>
         <size>0x183</size>
         <input_file_ref idref="fl-8"/>
      </object_component>
      <object_component id="oc-14c">
         <name>.debug_info</name>
         <load_address>0x3ec6</load_address>
         <run_address>0x3ec6</run_address>
         <size>0xc5c</size>
         <input_file_ref idref="fl-b"/>
      </object_component>
      <object_component id="oc-14f">
         <name>.debug_info</name>
         <load_address>0x4b22</load_address>
         <run_address>0x4b22</run_address>
         <size>0x252</size>
         <input_file_ref idref="fl-7"/>
      </object_component>
      <object_component id="oc-156">
         <name>.debug_info</name>
         <load_address>0x4d74</load_address>
         <run_address>0x4d74</run_address>
         <size>0x228</size>
         <input_file_ref idref="fl-7"/>
      </object_component>
      <object_component id="oc-15d">
         <name>.debug_info</name>
         <load_address>0x4f9c</load_address>
         <run_address>0x4f9c</run_address>
         <size>0x210</size>
         <input_file_ref idref="fl-7"/>
      </object_component>
      <object_component id="oc-164">
         <name>.debug_info</name>
         <load_address>0x51ac</load_address>
         <run_address>0x51ac</run_address>
         <size>0x1bf</size>
         <input_file_ref idref="fl-8"/>
      </object_component>
      <object_component id="oc-16b">
         <name>.debug_info</name>
         <load_address>0x536b</load_address>
         <run_address>0x536b</run_address>
         <size>0x210</size>
         <input_file_ref idref="fl-7"/>
      </object_component>
      <object_component id="oc-172">
         <name>.debug_info</name>
         <load_address>0x557b</load_address>
         <run_address>0x557b</run_address>
         <size>0x1bf</size>
         <input_file_ref idref="fl-8"/>
      </object_component>
      <object_component id="oc-178">
         <name>.debug_info</name>
         <load_address>0x573a</load_address>
         <run_address>0x573a</run_address>
         <size>0x210</size>
         <input_file_ref idref="fl-7"/>
      </object_component>
      <object_component id="oc-17e">
         <name>.debug_info</name>
         <load_address>0x594a</load_address>
         <run_address>0x594a</run_address>
         <size>0x287</size>
         <input_file_ref idref="fl-5"/>
      </object_component>
      <object_component id="oc-184">
         <name>.debug_info</name>
         <load_address>0x5bd1</load_address>
         <run_address>0x5bd1</run_address>
         <size>0x65f</size>
         <input_file_ref idref="fl-7"/>
      </object_component>
      <object_component id="oc-18a">
         <name>.debug_info</name>
         <load_address>0x6230</load_address>
         <run_address>0x6230</run_address>
         <size>0x1f5</size>
         <input_file_ref idref="fl-2"/>
      </object_component>
      <object_component id="oc-190">
         <name>.debug_info</name>
         <load_address>0x6425</load_address>
         <run_address>0x6425</run_address>
         <size>0x1b2</size>
         <input_file_ref idref="fl-2"/>
      </object_component>
      <object_component id="oc-196">
         <name>.debug_info</name>
         <load_address>0x65d7</load_address>
         <run_address>0x65d7</run_address>
         <size>0x3a5</size>
         <input_file_ref idref="fl-7"/>
      </object_component>
      <object_component id="oc-199">
         <name>.debug_info</name>
         <load_address>0x697c</load_address>
         <run_address>0x697c</run_address>
         <size>0x228</size>
         <input_file_ref idref="fl-2"/>
      </object_component>
      <object_component id="oc-19c">
         <name>.debug_info</name>
         <load_address>0x6ba4</load_address>
         <run_address>0x6ba4</run_address>
         <size>0x1a9</size>
         <input_file_ref idref="fl-9"/>
      </object_component>
      <object_component id="oc-1a3">
         <name>.debug_info</name>
         <load_address>0x6d4d</load_address>
         <run_address>0x6d4d</run_address>
         <size>0x32e</size>
         <input_file_ref idref="fl-a"/>
      </object_component>
      <object_component id="oc-1a9">
         <name>.debug_info</name>
         <load_address>0x707b</load_address>
         <run_address>0x707b</run_address>
         <size>0x1c3</size>
         <input_file_ref idref="fl-4"/>
      </object_component>
      <object_component id="oc-1af">
         <name>.debug_info</name>
         <load_address>0x723e</load_address>
         <run_address>0x723e</run_address>
         <size>0x2ae</size>
         <input_file_ref idref="fl-4"/>
      </object_component>
      <object_component id="oc-1b5">
         <name>.debug_info</name>
         <load_address>0x74ec</load_address>
         <run_address>0x74ec</run_address>
         <size>0x26b</size>
         <input_file_ref idref="fl-3"/>
      </object_component>
      <object_component id="oc-1bb">
         <name>.debug_info</name>
         <load_address>0x7757</load_address>
         <run_address>0x7757</run_address>
         <size>0x406</size>
         <input_file_ref idref="fl-2"/>
      </object_component>
      <object_component id="oc-1c4">
         <name>.debug_info</name>
         <load_address>0x7b5d</load_address>
         <run_address>0x7b5d</run_address>
         <size>0x201</size>
         <input_file_ref idref="fl-5"/>
      </object_component>
      <object_component id="oc-1ca">
         <name>.debug_info</name>
         <load_address>0x7d5e</load_address>
         <run_address>0x7d5e</run_address>
         <size>0x21f</size>
         <input_file_ref idref="fl-5"/>
      </object_component>
      <object_component id="oc-1d3">
         <name>.debug_info</name>
         <load_address>0x7f7d</load_address>
         <run_address>0x7f7d</run_address>
         <size>0x153</size>
         <input_file_ref idref="fl-6e"/>
      </object_component>
      <object_component id="oc-1d4">
         <name>.debug_info</name>
         <load_address>0x80d0</load_address>
         <run_address>0x80d0</run_address>
         <size>0x2c</size>
         <input_file_ref idref="fl-6e"/>
      </object_component>
      <object_component id="oc-1db">
         <name>.debug_info</name>
         <load_address>0x80fc</load_address>
         <run_address>0x80fc</run_address>
         <size>0x2c</size>
         <input_file_ref idref="fl-46"/>
      </object_component>
      <object_component id="oc-1e7">
         <name>.debug_info</name>
         <load_address>0x8128</load_address>
         <run_address>0x8128</run_address>
         <size>0x83</size>
         <input_file_ref idref="fl-2"/>
      </object_component>
      <object_component id="oc-1ec">
         <name>.debug_info</name>
         <load_address>0x81ab</load_address>
         <run_address>0x81ab</run_address>
         <size>0x107</size>
         <input_file_ref idref="fl-5"/>
      </object_component>
      <object_component id="oc-1f2">
         <name>.debug_info</name>
         <load_address>0x82b2</load_address>
         <run_address>0x82b2</run_address>
         <size>0xfb</size>
         <input_file_ref idref="fl-65"/>
      </object_component>
      <object_component id="oc-1f7">
         <name>.debug_info</name>
         <load_address>0x83ad</load_address>
         <run_address>0x83ad</run_address>
         <size>0xec</size>
         <input_file_ref idref="fl-60"/>
      </object_component>
      <object_component id="oc-1fe">
         <name>.debug_info</name>
         <load_address>0x8499</load_address>
         <run_address>0x8499</run_address>
         <size>0x63</size>
         <input_file_ref idref="fl-b"/>
      </object_component>
      <object_component id="oc-20a">
         <name>.debug_info</name>
         <load_address>0x84fc</load_address>
         <run_address>0x84fc</run_address>
         <size>0x39</size>
         <input_file_ref idref="fl-6a"/>
      </object_component>
      <object_component id="oc-210">
         <name>.debug_info</name>
         <load_address>0x8535</load_address>
         <run_address>0x8535</run_address>
         <size>0x17b</size>
         <input_file_ref idref="fl-b"/>
      </object_component>
      <object_component id="oc-218">
         <name>.debug_info</name>
         <load_address>0x86b0</load_address>
         <run_address>0x86b0</run_address>
         <size>0x612</size>
         <input_file_ref idref="fl-7"/>
      </object_component>
      <object_component id="oc-25d">
         <name>.debug_info</name>
         <load_address>0x8cc2</load_address>
         <run_address>0x8cc2</run_address>
         <size>0x186</size>
         <input_file_ref idref="fl-2"/>
      </object_component>
      <object_component id="oc-263">
         <name>.debug_info</name>
         <load_address>0x8e48</load_address>
         <run_address>0x8e48</run_address>
         <size>0x17d</size>
         <input_file_ref idref="fl-7"/>
      </object_component>
      <object_component id="oc-266">
         <name>.debug_info</name>
         <load_address>0x8fc5</load_address>
         <run_address>0x8fc5</run_address>
         <size>0x17d</size>
         <input_file_ref idref="fl-7"/>
      </object_component>
      <object_component id="oc-269">
         <name>.debug_info</name>
         <load_address>0x9142</load_address>
         <run_address>0x9142</run_address>
         <size>0x1f4</size>
         <input_file_ref idref="fl-2"/>
      </object_component>
      <object_component id="oc-26f">
         <name>.debug_info</name>
         <load_address>0x9336</load_address>
         <run_address>0x9336</run_address>
         <size>0x16f</size>
         <input_file_ref idref="fl-7"/>
      </object_component>
      <object_component id="oc-272">
         <name>.debug_info</name>
         <load_address>0x94a5</load_address>
         <run_address>0x94a5</run_address>
         <size>0x368</size>
         <input_file_ref idref="fl-2"/>
      </object_component>
      <object_component id="oc-278">
         <name>.debug_info</name>
         <load_address>0x980d</load_address>
         <run_address>0x980d</run_address>
         <size>0x165</size>
         <input_file_ref idref="fl-7"/>
      </object_component>
      <object_component id="oc-282">
         <name>.debug_info</name>
         <load_address>0x9972</load_address>
         <run_address>0x9972</run_address>
         <size>0x444</size>
         <input_file_ref idref="fl-8"/>
      </object_component>
      <object_component id="oc-287">
         <name>.debug_info</name>
         <load_address>0x9db6</load_address>
         <run_address>0x9db6</run_address>
         <size>0x1d9</size>
         <input_file_ref idref="fl-6f"/>
      </object_component>
      <object_component id="oc-28d">
         <name>.debug_info</name>
         <load_address>0x9f8f</load_address>
         <run_address>0x9f8f</run_address>
         <size>0x197</size>
         <input_file_ref idref="fl-5"/>
      </object_component>
      <object_component id="oc-293">
         <name>.debug_info</name>
         <load_address>0xa126</load_address>
         <run_address>0xa126</run_address>
         <size>0x277</size>
         <input_file_ref idref="fl-6"/>
      </object_component>
      <object_component id="oc-299">
         <name>.debug_info</name>
         <load_address>0xa39d</load_address>
         <run_address>0xa39d</run_address>
         <size>0x64e</size>
         <input_file_ref idref="fl-5"/>
      </object_component>
      <object_component id="oc-29b">
         <name>.debug_info</name>
         <load_address>0xa9eb</load_address>
         <run_address>0xa9eb</run_address>
         <size>0x27e</size>
         <input_file_ref idref="fl-5"/>
      </object_component>
      <object_component id="oc-2a1">
         <name>.debug_info</name>
         <load_address>0xac69</load_address>
         <run_address>0xac69</run_address>
         <size>0x2f5</size>
         <input_file_ref idref="fl-7"/>
      </object_component>
      <object_component id="oc-2a7">
         <name>.debug_info</name>
         <load_address>0xaf5e</load_address>
         <run_address>0xaf5e</run_address>
         <size>0x202</size>
         <input_file_ref idref="fl-7"/>
      </object_component>
      <object_component id="oc-2ad">
         <name>.debug_info</name>
         <load_address>0xb160</load_address>
         <run_address>0xb160</run_address>
         <size>0x2d2</size>
         <input_file_ref idref="fl-7"/>
      </object_component>
      <object_component id="oc-2b4">
         <name>.debug_info</name>
         <load_address>0xb432</load_address>
         <run_address>0xb432</run_address>
         <size>0x14e</size>
         <input_file_ref idref="fl-2"/>
      </object_component>
      <object_component id="oc-2b7">
         <name>.debug_info</name>
         <load_address>0xb580</load_address>
         <run_address>0xb580</run_address>
         <size>0x37b</size>
         <input_file_ref idref="fl-2"/>
      </object_component>
      <object_component id="oc-2b9">
         <name>.debug_info</name>
         <load_address>0xb8fb</load_address>
         <run_address>0xb8fb</run_address>
         <size>0x1fb</size>
         <input_file_ref idref="fl-2"/>
      </object_component>
      <object_component id="oc-2c5">
         <name>.debug_info</name>
         <load_address>0xbaf6</load_address>
         <run_address>0xbaf6</run_address>
         <size>0x182</size>
         <input_file_ref idref="fl-a"/>
      </object_component>
      <object_component id="oc-2cb">
         <name>.debug_info</name>
         <load_address>0xbc78</load_address>
         <run_address>0xbc78</run_address>
         <size>0x20b</size>
         <input_file_ref idref="fl-a"/>
      </object_component>
      <object_component id="oc-2d1">
         <name>.debug_info</name>
         <load_address>0xbe83</load_address>
         <run_address>0xbe83</run_address>
         <size>0xfb</size>
         <input_file_ref idref="fl-66"/>
      </object_component>
      <object_component id="oc-2d6">
         <name>.debug_info</name>
         <load_address>0xbf7e</load_address>
         <run_address>0xbf7e</run_address>
         <size>0xee</size>
         <input_file_ref idref="fl-61"/>
      </object_component>
      <object_component id="oc-2e3">
         <name>.debug_info</name>
         <load_address>0xc06c</load_address>
         <run_address>0xc06c</run_address>
         <size>0x3d6</size>
         <input_file_ref idref="fl-a"/>
      </object_component>
      <object_component id="oc-2e5">
         <name>.debug_info</name>
         <load_address>0xc442</load_address>
         <run_address>0xc442</run_address>
         <size>0x185</size>
         <input_file_ref idref="fl-4"/>
      </object_component>
      <object_component id="oc-2eb">
         <name>.debug_info</name>
         <load_address>0xc5c7</load_address>
         <run_address>0xc5c7</run_address>
         <size>0x243</size>
         <input_file_ref idref="fl-4"/>
      </object_component>
      <object_component id="oc-2f2">
         <name>.debug_info</name>
         <load_address>0xc80a</load_address>
         <run_address>0xc80a</run_address>
         <size>0x21f</size>
         <input_file_ref idref="fl-4"/>
      </object_component>
      <object_component id="oc-2f8">
         <name>.debug_info</name>
         <load_address>0xca29</load_address>
         <run_address>0xca29</run_address>
         <size>0x14f</size>
         <input_file_ref idref="fl-4"/>
      </object_component>
      <object_component id="oc-2fb">
         <name>.debug_info</name>
         <load_address>0xcb78</load_address>
         <run_address>0xcb78</run_address>
         <size>0xef</size>
         <input_file_ref idref="fl-63"/>
      </object_component>
      <object_component id="oc-300">
         <name>.debug_info</name>
         <load_address>0xcc67</load_address>
         <run_address>0xcc67</run_address>
         <size>0xec</size>
         <input_file_ref idref="fl-64"/>
      </object_component>
      <object_component id="oc-306">
         <name>.debug_info</name>
         <load_address>0xcd53</load_address>
         <run_address>0xcd53</run_address>
         <size>0xf8</size>
         <input_file_ref idref="fl-5e"/>
      </object_component>
      <object_component id="oc-30a">
         <name>.debug_info</name>
         <load_address>0xce4b</load_address>
         <run_address>0xce4b</run_address>
         <size>0xfa</size>
         <input_file_ref idref="fl-62"/>
      </object_component>
      <object_component id="oc-310">
         <name>.debug_info</name>
         <load_address>0xcf45</load_address>
         <run_address>0xcf45</run_address>
         <size>0x17d</size>
         <input_file_ref idref="fl-3"/>
      </object_component>
      <object_component id="oc-316">
         <name>.debug_info</name>
         <load_address>0xd0c2</load_address>
         <run_address>0xd0c2</run_address>
         <size>0x211</size>
         <input_file_ref idref="fl-3"/>
      </object_component>
      <object_component id="oc-31c">
         <name>.debug_info</name>
         <load_address>0xd2d3</load_address>
         <run_address>0xd2d3</run_address>
         <size>0x1ea</size>
         <input_file_ref idref="fl-3"/>
      </object_component>
      <object_component id="oc-322">
         <name>.debug_info</name>
         <load_address>0xd4bd</load_address>
         <run_address>0xd4bd</run_address>
         <size>0x24f</size>
         <input_file_ref idref="fl-3"/>
      </object_component>
      <object_component id="oc-328">
         <name>.debug_info</name>
         <load_address>0xd70c</load_address>
         <run_address>0xd70c</run_address>
         <size>0x33f</size>
         <input_file_ref idref="fl-3"/>
      </object_component>
      <object_component id="oc-32a">
         <name>.debug_info</name>
         <load_address>0xda4b</load_address>
         <run_address>0xda4b</run_address>
         <size>0x239</size>
         <input_file_ref idref="fl-2"/>
      </object_component>
      <object_component id="oc-330">
         <name>.debug_info</name>
         <load_address>0xdc84</load_address>
         <run_address>0xdc84</run_address>
         <size>0x280</size>
         <input_file_ref idref="fl-2"/>
      </object_component>
      <object_component id="oc-336">
         <name>.debug_info</name>
         <load_address>0xdf04</load_address>
         <run_address>0xdf04</run_address>
         <size>0x294</size>
         <input_file_ref idref="fl-2"/>
      </object_component>
      <object_component id="oc-33c">
         <name>.debug_info</name>
         <load_address>0xe198</load_address>
         <run_address>0xe198</run_address>
         <size>0x2a9</size>
         <input_file_ref idref="fl-2"/>
      </object_component>
      <object_component id="oc-343">
         <name>.debug_info</name>
         <load_address>0xe441</load_address>
         <run_address>0xe441</run_address>
         <size>0x268</size>
         <input_file_ref idref="fl-5"/>
      </object_component>
      <object_component id="oc-352">
         <name>.debug_info</name>
         <load_address>0xe6a9</load_address>
         <run_address>0xe6a9</run_address>
         <size>0x22b</size>
         <input_file_ref idref="fl-2"/>
      </object_component>
      <object_component id="oc-35d">
         <name>.debug_info</name>
         <load_address>0xe8d4</load_address>
         <run_address>0xe8d4</run_address>
         <size>0x192</size>
         <input_file_ref idref="fl-2"/>
      </object_component>
      <object_component id="oc-363">
         <name>.debug_info</name>
         <load_address>0xea66</load_address>
         <run_address>0xea66</run_address>
         <size>0x16c</size>
         <input_file_ref idref="fl-2"/>
      </object_component>
      <object_component id="oc-366">
         <name>.debug_info</name>
         <load_address>0xebd2</load_address>
         <run_address>0xebd2</run_address>
         <size>0x1f8</size>
         <input_file_ref idref="fl-2"/>
      </object_component>
      <object_component id="oc-371">
         <name>.debug_info</name>
         <load_address>0xedca</load_address>
         <run_address>0xedca</run_address>
         <size>0x139</size>
         <input_file_ref idref="fl-6f"/>
      </object_component>
      <object_component id="oc-37e">
         <name>.debug_info</name>
         <load_address>0xef03</load_address>
         <run_address>0xef03</run_address>
         <size>0x1ff</size>
         <input_file_ref idref="fl-6"/>
      </object_component>
      <object_component id="oc-384">
         <name>.debug_info</name>
         <load_address>0xf102</load_address>
         <run_address>0xf102</run_address>
         <size>0x199</size>
         <input_file_ref idref="fl-6"/>
      </object_component>
      <object_component id="oc-38b">
         <name>.debug_info</name>
         <load_address>0xf29b</load_address>
         <run_address>0xf29b</run_address>
         <size>0x388</size>
         <input_file_ref idref="fl-7"/>
      </object_component>
      <object_component id="oc-391">
         <name>.debug_info</name>
         <load_address>0xf623</load_address>
         <run_address>0xf623</run_address>
         <size>0x2a2</size>
         <input_file_ref idref="fl-5"/>
      </object_component>
[...]
      <symbol id="sm-85d">
         <name>DL_Print_Light</name>
         <value>0x78a6</value>
         <object_component_ref idref="oc-335"/>
      </symbol>
      <symbol id="sm-85e">
         <name>DL_Jump_Pointers</name>
         <value>0x808e</value>
         <object_component_ref idref="oc-365"/>
      </symbol>
      <symbol id="sm-85f">
         <name>DL_Print_Power_Lost</name>
         <value>0x7e58</value>
         <object_component_ref idref="oc-189"/>
      </symbol>
      <symbol id="sm-860">
         <name>DL_Get_State</name>
         <value>0x8020</value>
         <object_component_ref idref="oc-35c"/>
      </symbol>
      <symbol id="sm-861">
         <name>DL_Update</name>
         <value>0x6344</value>
         <object_component_ref idref="oc-1ba"/>
      </symbol>
      <symbol id="sm-862">
         <name>HDC_I2C_Trigger_Measurement</name>
         <value>0x7a70</value>
         <object_component_ref idref="oc-31b"/>
      </symbol>
      <symbol id="sm-863">
         <name>HDC_I2C_Measurement</name>
         <value>0x7466</value>
         <object_component_ref idref="oc-321"/>
      </symbol>
      <symbol id="sm-864">
         <name>HDC_I2C_Write_Register</name>
         <value>0x78fc</value>
         <object_component_ref idref="oc-315"/>
      </symbol>
      <symbol id="sm-865">
         <name>HDC_Get_Humidity</name>
         <value>0x79e4</value>
         <object_component_ref idref="oc-1b4"/>
      </symbol>
      <symbol id="sm-866">
         <name>HDC_Init</name>
         <value>0x7dbe</value>
         <object_component_ref idref="oc-30f"/>
      </symbol>
      <symbol id="sm-867">
         <name>StartLuxMeasurement</name>
         <value>0x8030</value>
         <object_component_ref idref="oc-1a8"/>
      </symbol>
      <symbol id="sm-868">
         <name>I2C_OPT_Write_Register</name>
         <value>0x710a</value>
         <object_component_ref idref="oc-2ea"/>
      </symbol>
      <symbol id="sm-869">
         <name>LSBValues</name>
         <value>0x5b3a</value>
         <object_component_ref idref="oc-2f7"/>
      </symbol>
      <symbol id="sm-86a">
         <name>I2C_OPT_Init</name>
         <value>0x7d6a</value>
         <object_component_ref idref="oc-2e4"/>
      </symbol>
      <symbol id="sm-86b">
         <name>GetLuxValue</name>
         <value>0x731a</value>
         <object_component_ref idref="oc-1ae"/>
      </symbol>
      <symbol id="sm-86c">
         <name>I2C_OPT_Read_Register</name>
         <value>0x6fd2</value>
         <object_component_ref idref="oc-2f1"/>
      </symbol>
      <symbol id="sm-86d">
         <name>Write_Continuous</name>
         <value>0x7ab4</value>
         <object_component_ref idref="oc-390"/>
      </symbol>
      <symbol id="sm-86e">
         <name>RF430Patch</name>
         <value>0x7794</value>
         <object_component_ref idref="oc-342"/>
      </symbol>
      <symbol id="sm-86f">
         <name>Read_Continuous</name>
         <value>0x7c8a</value>
         <object_component_ref idref="oc-399"/>
      </symbol>
      <symbol id="sm-870">
         <name>RF430CL331H_Init</name>
         <value>0x7af6</value>
         <object_component_ref idref="oc-1c9"/>
      </symbol>
      <symbol id="sm-871">
         <name>CL331H_Read_Register</name>
         <value>0x75a6</value>
         <object_component_ref idref="oc-17d"/>
      </symbol>
      <symbol id="sm-872">
         <name>CL331H_I2C_Init</name>
         <value>0x7ce6</value>
         <object_component_ref idref="oc-28c"/>
      </symbol>
      <symbol id="sm-873">
         <name>ResetRF430</name>
         <value>0x7670</value>
         <object_component_ref idref="oc-1c3"/>
      </symbol>
      <symbol id="sm-874">
         <name>CL331H_Write_Register</name>
         <value>0x74d2</value>
         <object_component_ref idref="oc-29a"/>
      </symbol>
      <symbol id="sm-875">
         <name>RF430_I2C_Write</name>
         <value>0x7b34</value>
         <object_component_ref idref="oc-37d"/>
      </symbol>
      <symbol id="sm-876">
         <name>USCI_B0_ISR</name>
         <value>0x6c02</value>
         <object_component_ref idref="oc-b6"/>
      </symbol>
      <symbol id="sm-877">
         <name>RF430_I2C_Write_Restart_Read</name>
         <value>0x760e</value>
         <object_component_ref idref="oc-292"/>
      </symbol>
      <symbol id="sm-878">
         <name>RF430_I2C_Send_Stop</name>
         <value>0x7ec4</value>
         <object_component_ref idref="oc-383"/>
      </symbol>
      <symbol id="sm-879">
         <name>g_u8PollingInterval</name>
         <value>0x441e</value>
         <object_component_ref idref="oc-195"/>
      </symbol>
      <symbol id="sm-87a">
         <name>FetchReceivedPollingInterval</name>
         <value>0x8076</value>
         <object_component_ref idref="oc-14e"/>
      </symbol>
      <symbol id="sm-87b">
         <name>NumberOfFiles</name>
         <value>0x4424</value>
         <object_component_ref idref="oc-195"/>
      </symbol>
      <symbol id="sm-87c">
         <name>FetchReceivedTempMode</name>
         <value>0x807e</value>
         <object_component_ref idref="oc-155"/>
      </symbol>
      <symbol id="sm-87d">
         <name>FetchReceivedDate</name>
         <value>0x7f28</value>
         <object_component_ref idref="oc-15c"/>
      </symbol>
      <symbol id="sm-87e">
         <name>CCFileText</name>
         <value>0x4426</value>
         <object_component_ref idref="oc-195"/>
      </symbol>
      <symbol id="sm-87f">
         <name>g_pui8E104EndOfPayload</name>
         <value>0x4ffc</value>
         <object_component_ref idref="oc-195"/>
      </symbol>
      <symbol id="sm-880">
         <name>g_u8Year</name>
         <value>0x441d</value>
         <object_component_ref idref="oc-195"/>
      </symbol>
      <symbol id="sm-881">
         <name>SearchForFile</name>
         <value>0x7c24</value>
         <object_component_ref idref="oc-2a6"/>
      </symbol>
      <symbol id="sm-882">
         <name>g_u8Day</name>
         <value>0x441b</value>
         <object_component_ref idref="oc-195"/>
      </symbol>
      <symbol id="sm-883">
         <name>g_u8Second</name>
         <value>0x4418</value>
         <object_component_ref idref="oc-195"/>
      </symbol>
      <symbol id="sm-884">
         <name>SendDataOnFile</name>
         <value>0x7c58</value>
         <object_component_ref idref="oc-2a0"/>
      </symbol>
      <symbol id="sm-885">
         <name>g_u8Hour</name>
         <value>0x441a</value>
         <object_component_ref idref="oc-195"/>
      </symbol>
      <symbol id="sm-886">
         <name>g_u8Mode</name>
         <value>0x4420</value>
         <object_component_ref idref="oc-195"/>
      </symbol>
      <symbol id="sm-887">
         <name>g_u8TempMode</name>
         <value>0x4422</value>
         <object_component_ref idref="oc-195"/>
      </symbol>
      <symbol id="sm-888">
         <name>FileTextE104</name>
         <value>0x4440</value>
         <object_component_ref idref="oc-195"/>
      </symbol>
      <symbol id="sm-889">
         <name>FetchReceivedTime</name>
         <value>0x7f44</value>
         <object_component_ref idref="oc-16a"/>
      </symbol>
      <symbol id="sm-88a">
         <name>g_u8Minute</name>
         <value>0x4419</value>
         <object_component_ref idref="oc-195"/>
      </symbol>
      <symbol id="sm-88b">
         <name>E104_Send_File_Record</name>
         <value>0x77f4</value>
         <object_component_ref idref="oc-3ee"/>
      </symbol>
      <symbol id="sm-88c">
         <name>ReadDataOnFile</name>
         <value>0x7e0c</value>
         <object_component_ref idref="oc-2ac"/>
      </symbol>
      <symbol id="sm-88d">
         <name>g_u8Month</name>
         <value>0x441c</value>
         <object_component_ref idref="oc-195"/>
      </symbol>
      <symbol id="sm-88e">
         <name>FetchReceivedMode</name>
         <value>0x806e</value>
         <object_component_ref idref="oc-177"/>
      </symbol>
      <symbol id="sm-88f">
         <name>CCFILE_TEXT_DEFAULT_DATA</name>
         <value>0x5b6a</value>
         <object_component_ref idref="oc-262"/>
      </symbol>
      <symbol id="sm-890">
         <name>NdefFiles</name>
         <value>0x4400</value>
         <object_component_ref idref="oc-195"/>
      </symbol>
      <symbol id="sm-891">
         <name>ProcessReceivedFileText</name>
         <value>0x5c00</value>
         <object_component_ref idref="oc-139"/>
      </symbol>
      <symbol id="sm-892">
         <name>E104_Send_File</name>
         <value>0x719a</value>
         <object_component_ref idref="oc-38a"/>
      </symbol>
      <symbol id="sm-893">
         <name>ServiceInterrupt</name>
         <value>0x677c</value>
         <object_component_ref idref="oc-183"/>
      </symbol>
      <symbol id="sm-894">
         <name>ResetDatalogger</name>
         <value>0x73f8</value>
         <object_component_ref idref="oc-13f"/>
      </symbol>
      <symbol id="sm-895">
         <name>g_pui8E104StartOfPayload</name>
         <value>0x4ff8</value>
         <object_component_ref idref="oc-195"/>
      </symbol>
      <symbol id="sm-896">
         <name>RTC_Disable_Alarm</name>
         <value>0x800c</value>
         <object_component_ref idref="oc-145"/>
      </symbol>
      <symbol id="sm-897">
         <name>RTC_Init</name>
         <value>0x7bec</value>
         <object_component_ref idref="oc-133"/>
      </symbol>
      <symbol id="sm-898">
         <name>RTCISR</name>
         <value>0x7cb8</value>
         <object_component_ref idref="oc-a4"/>
      </symbol>
      <symbol id="sm-899">
         <name>RTC_Set_Time</name>
         <value>0x7f96</value>
         <object_component_ref idref="oc-171"/>
      </symbol>
      <symbol id="sm-89a">
         <name>RTC_Set_Alarm</name>
         <value>0x7228</value>
         <object_component_ref idref="oc-107"/>
      </symbol>
      <symbol id="sm-89b">
         <name>RTC_Set_Date</name>
         <value>0x7f60</value>
         <object_component_ref idref="oc-163"/>
      </symbol>
      <symbol id="sm-89c">
         <name>Low_Power_Delay_ms</name>
         <value>0x7de6</value>
         <object_component_ref idref="oc-19b"/>
      </symbol>
      <symbol id="sm-89d">
         <name>TMP_I2C_Read_Register</name>
         <value>0x72a6</value>
         <object_component_ref idref="oc-2ca"/>
      </symbol>
      <symbol id="sm-89e">
         <name>TMP_I2C_Init</name>
         <value>0x7e32</value>
         <object_component_ref idref="oc-2c4"/>
      </symbol>
      <symbol id="sm-89f">
         <name>TMP_Get_Temp</name>
         <value>0x6a22</value>
         <object_component_ref idref="oc-1a2"/>
      </symbol>
      <symbol id="sm-8a0">
         <name>MSP430_Init</name>
         <value>0x6cea</value>
         <object_component_ref idref="oc-12d"/>
      </symbol>
      <symbol id="sm-8a1">
         <name>Command_Received_t</name>
         <value>0x560c</value>
         <object_component_ref idref="oc-104"/>
      </symbol>
      <symbol id="sm-8a2">
         <name>p_ucNdefDataBuffer</name>
         <value>0x5000</value>
         <object_component_ref idref="oc-104"/>
      </symbol>
      <symbol id="sm-8a3">
         <name>g_ui8TemperatureModeFlag</name>
         <value>0x5610</value>
         <object_component_ref idref="oc-104"/>
      </symbol>
      <symbol id="sm-8a4">
         <name>Timer_Init</name>
         <value>0x7d12</value>
         <object_component_ref idref="oc-20f"/>
      </symbol>
      <symbol id="sm-8a5">
         <name>g_u16NdefDataPointer</name>
         <value>0x5606</value>
         <object_component_ref idref="oc-104"/>
      </symbol>
      <symbol id="sm-8a6">
         <name>g_u16NdefLength</name>
         <value>0x5604</value>
         <object_component_ref idref="oc-104"/>
      </symbol>
      <symbol id="sm-8a7">
         <name>Timer0_B0_ISR</name>
         <value>0x8086</value>
         <object_component_ref idref="oc-d5"/>
      </symbol>
      <symbol id="sm-8a8">
         <name>main</name>
         <value>0x5fb4</value>
         <object_component_ref idref="oc-c8"/>
      </symbol>
      <symbol id="sm-8a9">
         <name>g_u8MaxLengthFlag</name>
         <value>0x5608</value>
         <object_component_ref idref="oc-104"/>
      </symbol>
      <symbol id="sm-8aa">
         <name>g_ui8PollingInterval</name>
         <value>0x5612</value>
         <object_component_ref idref="oc-104"/>
      </symbol>
      <symbol id="sm-8ab">
         <name>g_ui8ResetStateFlag</name>
         <value>0x560e</value>
         <object_component_ref idref="oc-104"/>
      </symbol>
      <symbol id="sm-8ac">
         <name>Timer1_A0_ISR</name>
         <value>0x804e</value>
         <object_component_ref idref="oc-b0"/>
      </symbol>
      <symbol id="sm-8ad">
         <name>g_Datalogger_Mode_t</name>
         <value>0x560a</value>
         <object_component_ref idref="oc-104"/>
      </symbol>
      <symbol id="sm-8ae">
         <name>PORT2_ISR</name>
         <value>0x7bb0</value>
         <object_component_ref idref="oc-aa"/>
      </symbol>
      <symbol id="sm-8af">
         <name>p_u8NDEF_Header</name>
         <value>0x55dc</value>
         <object_component_ref idref="oc-104"/>
      </symbol>
      <symbol id="sm-8b0">
         <name>_system_pre_init</name>
         <value>0x805c</value>
         <object_component_ref idref="oc-bc"/>
      </symbol>
      <symbol id="sm-8b1">
         <name>__TI_decompress_none</name>
         <value>0x7fca</value>
         <object_component_ref idref="oc-89"/>
      </symbol>
      <symbol id="sm-8b2">
         <name>__TI_decompress_rle24</name>
         <value>0x80a0</value>
         <object_component_ref idref="oc-95"/>
      </symbol>
      <symbol id="sm-8b3">
         <name>__TI_ISR_TRAP</name>
         <value>0x809a</value>
         <object_component_ref idref="oc-9f"/>
      </symbol>
      <symbol id="sm-8b4">
         <name>__TI_zero_init</name>
         <value>0x7e7c</value>
         <object_component_ref idref="oc-8f"/>
      </symbol>
      <symbol id="sm-8b5">
         <name>__mspabi_cmpf</name>
         <value>0x799a</value>
         <object_component_ref idref="oc-304"/>
      </symbol>
      <symbol id="sm-8b6">
         <name>__mspabi_remi</name>
         <value>0x7d3e</value>
         <object_component_ref idref="oc-403"/>
      </symbol>
      <symbol id="sm-8b7">
         <name>__mspabi_divi</name>
         <value>0x7d3e</value>
         <object_component_ref idref="oc-403"/>
      </symbol>
      <symbol id="sm-8b8">
         <name>__mspabi_remu</name>
         <value>0x7fe0</value>
         <object_component_ref idref="oc-1f6"/>
      </symbol>
      <symbol id="sm-8b9">
         <name>__mspabi_divu</name>
         <value>0x7fe0</value>
         <object_component_ref idref="oc-1f6"/>
      </symbol>
      <symbol id="sm-8ba">
         <name>__mspabi_remul</name>
         <value>0x784e</value>
         <object_component_ref idref="oc-2d5"/>
      </symbol>
      <symbol id="sm-8bb">
         <name>__mspabi_divul</name>
         <value>0x784e</value>
         <object_component_ref idref="oc-2d5"/>
      </symbol>
      <symbol id="sm-8bc">
         <name>__mspabi_fixfu</name>
         <value>0x7a2a</value>
         <object_component_ref idref="oc-309"/>
      </symbol>
      <symbol id="sm-8bd">
         <name>__mspabi_fltuf</name>
         <value>0x7ea0</value>
         <object_component_ref idref="oc-2fa"/>
      </symbol>
      <symbol id="sm-8be">
         <name>__mspabi_mpyf</name>
         <value>0x6dc4</value>
         <object_component_ref idref="oc-2ff"/>
      </symbol>
      <symbol id="sm-8bf">
         <name>__mspabi_mpyi_f5hw</name>
         <value>0x7ff6</value>
         <object_component_ref idref="oc-1f1"/>
      </symbol>
      <symbol id="sm-8c0">
         <name>__mspabi_mpyl_f5hw</name>
         <value>0x7ee6</value>
         <object_component_ref idref="oc-2d0"/>
      </symbol>
      <symbol id="sm-8c1">
         <name>_c_int00_noexit</name>
         <value>0x7fb0</value>
         <object_component_ref idref="oc-7e"/>
      </symbol>
      <symbol id="sm-8c2">
         <name>_c_int00</name>
         <value>0x7fb0</value>
         <object_component_ref idref="oc-7e"/>
      </symbol>
      <symbol id="sm-8c3">
         <name>__TI_args_main</name>
         <value>0x1</value>
      </symbol>
      <symbol id="sm-8c4">
         <name>__TI_INITARRAY_Base</name>
         <value>0x0</value>
      </symbol>
      <symbol id="sm-8c5">
         <name>__TI_INITARRAY_Limit</name>
         <value>0x0</value>
      </symbol>
      <symbol id="sm-8c6">
         <name>_auto_init_hold_wdt</name>
         <value>0x7072</value>
         <object_component_ref idref="oc-c2"/>
      </symbol>
      <symbol id="sm-8c7">
         <name>__mspabi_sral_15</name>
         <value>0x7b72</value>
         <object_component_ref idref="oc-126"/>
      </symbol>
      <symbol id="sm-8c8">
         <name>__mspabi_sral_14</name>
         <value>0x7b76</value>
         <object_component_ref idref="oc-126"/>
      </symbol>
      <symbol id="sm-8c9">
         <name>__mspabi_sral_13</name>
         <value>0x7b7a</value>
         <object_component_ref idref="oc-126"/>
      </symbol>
      <symbol id="sm-8ca">
         <name>__mspabi_sral_12</name>
         <value>0x7b7e</value>
         <object_component_ref idref="oc-126"/>
      </symbol>
      <symbol id="sm-8cb">
         <name>__mspabi_sral_11</name>
         <value>0x7b82</value>
         <object_component_ref idref="oc-126"/>
      </symbol>
      <symbol id="sm-8cc">
         <name>__mspabi_sral_10</name>
         <value>0x7b86</value>
         <object_component_ref idref="oc-126"/>
      </symbol>
      <symbol id="sm-8cd">
         <name>__mspabi_sral_8</name>
         <value>0x7b8e</value>
         <object_component_ref idref="oc-126"/>
      </symbol>
      <symbol id="sm-8ce">
         <name>__mspabi_sral_9</name>
         <value>0x7b8a</value>
         <object_component_ref idref="oc-126"/>
      </symbol>
      <symbol id="sm-8cf">
         <name>__mspabi_sral_6</name>
         <value>0x7b96</value>
         <object_component_ref idref="oc-126"/>
      </symbol>
      <symbol id="sm-8d0">
         <name>__mspabi_sral_7</name>
         <value>0x7b92</value>
         <object_component_ref idref="oc-126"/>
      </symbol>
      <symbol id="sm-8d1">
         <name>__mspabi_sral_4</name>
         <value>0x7b9e</value>
         <object_component_ref idref="oc-126"/>
      </symbol>
      <symbol id="sm-8d2">
         <name>__mspabi_sral_5</name>
         <value>0x7b9a</value>
         <object_component_ref idref="oc-126"/>
      </symbol>
      <symbol id="sm-8d3">
         <name>__mspabi_sral_2</name>
         <value>0x7ba6</value>
         <object_component_ref idref="oc-126"/>
      </symbol>
      <symbol id="sm-8d4">
         <name>__mspabi_sral_3</name>
         <value>0x7ba2</value>
         <object_component_ref idref="oc-126"/>
      </symbol>
      <symbol id="sm-8d5">
         <name>__mspabi_sral_1</name>
         <value>0x7baa</value>
         <object_component_ref idref="oc-126"/>
      </symbol>
      <symbol id="sm-8d6">
         <name>C$$EXIT</name>
         <value>0x80a6</value>
         <object_component_ref idref="oc-ce"/>
      </symbol>
      <symbol id="sm-8d7">
         <name>abort</name>
         <value>0x80a6</value>
         <object_component_ref idref="oc-ce"/>
      </symbol>
      <symbol id="sm-8d8">
         <name>__TI_exit</name>
         <value>0x1</value>
      </symbol>
      <symbol id="sm-8d9">
         <name>memcpy</name>
         <value>0x7d94</value>
         <object_component_ref idref="oc-db"/>
      </symbol>
      <symbol id="sm-8da">
         <name>memset</name>
         <value>0x7f08</value>
         <object_component_ref idref="oc-286"/>
      </symbol>
   </symbol_table>
   <title>Link successful</title>
</link_info>
