******************************************************************************
                  MSP430 Linker PC v15.12.1                    
******************************************************************************
>> Linked Tue Oct 25 09:45:55 2016

OUTPUT FILE NAME:   <Cold_Chain_Demo_v1_00.out>
ENTRY POINT SYMBOL: "_c_int00_noargs_noexit"  address: 00007028


MEMORY CONFIGURATION

         name            origin    length      used     unused   attr    fill
----------------------  --------  ---------  --------  --------  ----  --------
  SFR                   00000000   00000010  00000000  00000010  RWIX
  PERIPHERALS_8BIT      00000010   000000f0  00000000  000000f0  RWIX
  PERIPHERALS_16BIT     00000100   00000100  00000000  00000100  RWIX
  INFOD                 00001800   00000080  00000000  00000080  RWIX
  INFOC                 00001880   00000080  00000000  00000080  RWIX
  INFOB                 00001900   00000080  00000000  00000080  RWIX
  INFOA                 00001980   00000080  00000000  00000080  RWIX
  RAM                   00001c00   00000800  0000040b  000003f5  RWIX
  FRAM                  00004400   0000bb80  00002d2a  00008e56  RWIX
  SIGNATURE             0000ff80   00000010  00000000  00000010  RWIX
  INT00                 0000ff90   00000002  00000000  00000002  RWIX
  INT01                 0000ff92   00000002  00000000  00000002  RWIX
  INT02                 0000ff94   00000002  00000000  00000002  RWIX
  INT03                 0000ff96   00000002  00000000  00000002  RWIX
  INT04                 0000ff98   00000002  00000000  00000002  RWIX
  INT05                 0000ff9a   00000002  00000000  00000002  RWIX
  INT06                 0000ff9c   00000002  00000000  00000002  RWIX
  INT07                 0000ff9e   00000002  00000000  00000002  RWIX
  INT08                 0000ffa0   00000002  00000000  00000002  RWIX
  INT09                 0000ffa2   00000002  00000000  00000002  RWIX
  INT10                 0000ffa4   00000002  00000000  00000002  RWIX
  INT11                 0000ffa6   00000002  00000000  00000002  RWIX
  INT12                 0000ffa8   00000002  00000000  00000002  RWIX
  INT13                 0000ffaa   00000002  00000000  00000002  RWIX
  INT14                 0000ffac   00000002  00000000  00000002  RWIX
  INT15                 0000ffae   00000002  00000000  00000002  RWIX
  INT16                 0000ffb0   00000002  00000000  00000002  RWIX
  INT17                 0000ffb2   00000002  00000000  00000002  RWIX
  INT18                 0000ffb4   00000002  00000000  00000002  RWIX
  INT19                 0000ffb6   00000002  00000000  00000002  RWIX
  INT20                 0000ffb8   00000002  00000000  00000002  RWIX
  INT21                 0000ffba   00000002  00000000  00000002  RWIX
  INT22                 0000ffbc   00000002  00000000  00000002  RWIX
  INT23                 0000ffbe   00000002  00000000  00000002  RWIX
  INT24                 0000ffc0   00000002  00000000  00000002  RWIX
  INT25                 0000ffc2   00000002  00000000  00000002  RWIX
  INT26                 0000ffc4   00000002  00000000  00000002  RWIX
  INT27                 0000ffc6   00000002  00000000  00000002  RWIX
  INT28                 0000ffc8   00000002  00000000  00000002  RWIX
  INT29                 0000ffca   00000002  00000000  00000002  RWIX
  INT30                 0000ffcc   00000002  00000002  00000000  RWIX
  INT31                 0000ffce   00000002  00000002  00000000  RWIX
  INT32                 0000ffd0   00000002  00000002  00000000  RWIX
  INT33                 0000ffd2   00000002  00000002  00000000  RWIX
  INT34                 0000ffd4   00000002  00000002  00000000  RWIX
  INT35                 0000ffd6   00000002  00000002  00000000  RWIX
  INT36                 0000ffd8   00000002  00000002  00000000  RWIX
  INT37                 0000ffda   00000002  00000002  00000000  RWIX
  INT38                 0000ffdc   00000002  00000002  00000000  RWIX
  INT39                 0000ffde   00000002  00000002  00000000  RWIX
  INT40                 0000ffe0   00000002  00000002  00000000  RWIX
  INT41                 0000ffe2   00000002  00000002  00000000  RWIX
  INT42                 0000ffe4   00000002  00000002  00000000  RWIX
  INT43                 0000ffe6   00000002  00000002  00000000  RWIX
  INT44                 0000ffe8   00000002  00000002  00000000  RWIX
  INT45                 0000ffea   00000002  00000002  00000000  RWIX
  INT46                 0000ffec   00000002  00000002  00000000  RWIX
  INT47                 0000ffee   00000002  00000002  00000000  RWIX
  INT48                 0000fff0   00000002  00000002  00000000  RWIX
  INT49                 0000fff2   00000002  00000002  00000000  RWIX
  INT50                 0000fff4   00000002  00000002  00000000  RWIX
  INT51                 0000fff6   00000002  00000002  00000000  RWIX
  INT52                 0000fff8   00000002  00000002  00000000  RWIX
  INT53                 0000fffa   00000002  00000002  00000000  RWIX
  INT54                 0000fffc   00000002  00000002  00000000  RWIX
  RESET                 0000fffe   00000002  00000002  00000000  RWIX
  FRAM2                 00010000   00004000  00000000  00004000  RWIX


SECTION ALLOCATION MAP

 output                                  attributes/
section   page    origin      length       input sections
--------  ----  ----------  ----------   ----------------
.data      0    00001c00    000002f0     UNINITIALIZED
                  00001c00    00000233     RF430_Request_Processor.obj (.data:E104_DEFAULT_DATA)
                  00001e33    00000001     RF430_I2C.obj (.data)
                  00001e34    0000004e     RF430CL331H.obj (.data:patch_looping)
                  00001e82    0000003c     Datalogger.obj (.data:p_uc8MemoryFullMessage)
                  00001ebe    00000012     main.obj (.data)
                  00001ed0    00000010     Datalogger.obj (.data)
                  00001ee0    0000000c     RF430_Request_Processor.obj (.data:E104_DEFAULT_DATA_RECORD)
                  00001eec    00000002     RF430_Request_Processor.obj (.data)
                  00001eee    00000002     RF430CL331H.obj (.data:TxAddr)

.bss       0    00001ef0    0000007b     UNINITIALIZED
                  00001ef0    00000064     (.common:ReceivedFileTextPrebuf)
                  00001f54    00000004     (.common:PRxData)
                  00001f58    00000004     (.common:PTxData)
                  00001f5c    00000004     (.common:uc8ReceivedData)
                  00001f60    00000002     (.common:RXByteCtr)
                  00001f62    00000002     (.common:TXByteCtr)
                  00001f64    00000002     (.common:g_TempDataCel)
                  00001f66    00000002     (.common:g_TempDataFahr)
                  00001f68    00000001     (.common:RF430_I2C_State)
                  00001f69    00000001     (.common:g_u8PollingIntervalLength)
                  00001f6a    00000001     (.common:ui8TemperatureNegFlag)

.stack     0    00002360    000000a0     UNINITIALIZED
                  00002360    00000004     rts430x_lc_ld_eabi.lib : boot.obj (.stack)
                  00002364    0000009c     --HOLE--

.cio       0    00004400    00000000     UNINITIALIZED

.sysmem    0    00004400    00000000     UNINITIALIZED

.TI.noinit 
*          0    00004400    00000067     
                  00004400    0000001a     RF430_Request_Processor.obj (.TI.noinit:CCFileText) [fill = 0]
                  0000441a    00000018     RF430_Request_Processor.obj (.TI.noinit:NdefFiles) [fill = 0]
                  00004432    00000016     RF430_Request_Processor.obj (.TI.noinit) [fill = 0]
                  00004448    0000000f     Datalogger.obj (.TI.noinit) [fill = 0]
                  00004457    00000001     --HOLE-- [fill = 0]
                  00004458    0000000f     main.obj (.TI.noinit) [fill = 0]

.cinit     0    00004800    000002ea     
                  00004800    000002c8     (.cinit..data.load) [load image, compression = rle]
                  00004ac8    00000009     (.cinit..bss.load) [load image, compression = rle]
                  00004ad1    00000001     --HOLE-- [fill = 0]
                  00004ad2    00000008     (__TI_handler_table)
                  00004ada    00000010     (__TI_cinit_table)

.pinit     0    00004aea    00000000     UNINITIALIZED

.init_array 
*          0    00004aea    00000000     UNINITIALIZED

.mspabi.exidx 
*          0    00004aea    00000000     UNINITIALIZED

.mspabi.extab 
*          0    00004aea    00000000     UNINITIALIZED

.const     0    00004aea    0000008f     
                  00004aea    00000050     Datalogger.obj (.const:.string:$P$T0$1)
                  00004b3a    00000030     OPT3001.obj (.const:LSBValues)
                  00004b6a    0000000f     RF430_Request_Processor.obj (.const:.string:CCFILE_TEXT_DEFAULT_DATA)

.ipe       0    00004c00    00000000     UNINITIALIZED

.text      0    00004c00    0000252a     
                  00004c00    000003b4     RF430_Request_Processor.obj (.text:ProcessReceivedFileText)
                  00004fb4    00000390     main.obj (.text:main)
                  00005344    00000270     Datalogger.obj (.text:DL_Update)
                  000055b4    000001c8     Datalogger.obj (.text:DL_Print_Timestamp)
                  0000577c    000001a2     RF430_Request_Processor.obj (.text:ServiceInterrupt)
                  0000591e    00000104     Datalogger.obj (.text:LightDecToAscii)
                  00005a22    000000fa     TMP112.obj (.text:TMP_Get_Temp)
                  00005b1c    000000ea     Datalogger.obj (.text:DL_Update_Data)
                  00005c06    000000e8     RF430_I2C.obj (.text:_isr:USCI_B0_ISR)
                  00005cee    000000e6     main.obj (.text:MSP430_Init)
                  00005dd4    000000b8     rts430x_lc_ld_eabi.lib : fs_mpy.obj (.text)
                  00005e8c    000000ae     Datalogger.obj (.text:DL_Get_Data)
                  00005f3a    000000aa     Datalogger.obj (.text:TempDecToAscii)
                  00005fe4    000000a8     rts430x_lc_ld_eabi.lib : autoinit_wdt.obj (.text:_auto_init_hold_wdt)
                  0000608c    000000a0     OPT3001.obj (.text:I2C_OPT_Read_Register)
                  0000612c    00000090     OPT3001.obj (.text:I2C_OPT_Write_Register)
                  000061bc    0000008e     RF430_Request_Processor.obj (.text:E104_Send_File)
                  0000624a    0000007e     RTC.obj (.text:RTC_Set_Alarm)
                  000062c8    00000074     TMP112.obj (.text:TMP_I2C_Read_Register)
                  0000633c    00000072     rts430x_lc_ld_eabi.lib : cpy_tbl.obj (.text:copy_in)
                  000063ae    00000070     OPT3001.obj (.text:GetLuxValue)
                  0000641e    0000006e     Datalogger.obj (.text:HumidityDecToAscii)
                  0000648c    0000006e     RF430_Request_Processor.obj (.text:ResetDatalogger)
                  000064fa    0000006c     HDC1000.obj (.text:HDC_I2C_Measurement)
                  00006566    0000006a     RF430CL331H.obj (.text:CL331H_Write_Register)
                  000065d0    0000006a     Datalogger.obj (.text:DL_Print_Humidity)
                  0000663a    00000068     RF430CL331H.obj (.text:CL331H_Read_Register)
                  000066a2    00000068     rts430x_lc_ld_eabi.lib : copy_decompress_rle.obj (.text:__TI_decompress_rle_core)
                  0000670a    00000062     RF430_I2C.obj (.text:RF430_I2C_Write_Restart_Read)
                  0000676c    00000062     RF430CL331H.obj (.text:ResetRF430)
                  000067ce    00000060     Datalogger.obj (.text:DL_Print_Temperature)
                  0000682e    00000060     RF430CL331H.obj (.text:RF430Patch)
                  0000688e    0000005a     RF430_Request_Processor.obj (.text:E104_Send_File_Record)
                  000068e8    00000058     rts430x_lc_ld_eabi.lib : div32u.obj (.text)
                  00006940    00000056     Datalogger.obj (.text:DL_Print_Light)
                  00006996    00000054     HDC1000.obj (.text:HDC_I2C_Write_Register)
                  000069ea    0000004a     Datalogger.obj (.text:DL_Update_Length)
                  00006a34    0000004a     rts430x_lc_ld_eabi.lib : fs_cmp.obj (.text)
                  00006a7e    00000046     HDC1000.obj (.text:HDC_Get_Humidity)
                  00006ac4    00000046     rts430x_lc_ld_eabi.lib : fs_tou.obj (.text)
                  00006b0a    00000044     HDC1000.obj (.text:HDC_I2C_Trigger_Measurement)
                  00006b4e    00000042     RF430CL331H.obj (.text:Write_Continuous)
                  00006b90    0000003e     RF430CL331H.obj (.text:RF430CL331H_Init)
                  00006bce    0000003e     RF430_I2C.obj (.text:RF430_I2C_Write)
                  00006c0c    0000003e     rts430x_lc_ld_eabi.lib : asr32.obj (.text:l_asr_const)
                  00006c4a    0000003c     main.obj (.text:_isr:PORT2_ISR)
                  00006c86    00000038     RTC.obj (.text:RTC_Init)
                  00006cbe    00000034     RF430_Request_Processor.obj (.text:SearchForFile)
                  00006cf2    00000032     RF430_Request_Processor.obj (.text:SendDataOnFile)
                  00006d24    0000002e     RF430CL331H.obj (.text:Read_Continuous)
                  00006d52    0000002e     RTC.obj (.text:_isr:RTCISR)
                  00006d80    0000002c     RF430CL331H.obj (.text:CL331H_I2C_Init)
                  00006dac    0000002c     main.obj (.text:Timer_Init)
                  00006dd8    0000002c     rts430x_lc_ld_eabi.lib : div16s.obj (.text)
                  00006e04    0000002a     OPT3001.obj (.text:I2C_OPT_Init)
                  00006e2e    0000002a     rts430x_lc_ld_eabi.lib : memcpy.obj (.text:memcpy)
                  00006e58    00000028     HDC1000.obj (.text:HDC_Init)
                  00006e80    00000026     TIME.obj (.text:Low_Power_Delay_ms)
                  00006ea6    00000026     RF430_Request_Processor.obj (.text:ReadDataOnFile)
                  00006ecc    00000026     TMP112.obj (.text:TMP_I2C_Init)
                  00006ef2    00000024     Datalogger.obj (.text:DL_Print_Power_Lost)
                  00006f16    00000024     rts430x_lc_ld_eabi.lib : fs_utof.obj (.text)
                  00006f3a    00000024                            : mult32_f5hw.obj (.text)
                  00006f5e    00000022     RF430_I2C.obj (.text:RF430_I2C_Send_Stop)
                  00006f80    00000020     rts430x_lc_ld_eabi.lib : memset.obj (.text:memset)
                  00006fa0    0000001c     RF430_Request_Processor.obj (.text:FetchReceivedDate)
                  00006fbc    0000001c     RF430_Request_Processor.obj (.text:FetchReceivedTime)
                  00006fd8    0000001c     RTC.obj (.text:RTC_Set_Date)
                  00006ff4    0000001a     Datalogger.obj (.text:DL_Reset)
                  0000700e    0000001a     RTC.obj (.text:RTC_Set_Time)
                  00007028    0000001a     rts430x_lc_ld_eabi.lib : boot_special.obj (.text:_isr:_c_int00_noargs_noexit)
                  00007042    00000018                            : mult16_f5hw.obj (.text)
                  0000705a    00000016                            : copy_decompress_none.obj (.text:decompress:none:__TI_decompress_none)
                  00007070    00000016                            : div16u.obj (.text)
                  00007086    00000014     RTC.obj (.text:RTC_Disable_Alarm)
                  0000709a    00000010     Datalogger.obj (.text:DL_Get_State)
                  000070aa    00000010     OPT3001.obj (.text:StartLuxMeasurement)
                  000070ba    0000000e     Datalogger.obj (.text:DL_Update_Pointers)
                  000070c8    0000000e     main.obj (.text:_isr:Timer1_A0_ISR)
                  000070d6    0000000a     system_pre_init.obj (.text:_system_pre_init)
                  000070e0    00000008     Datalogger.obj (.text:DL_Reload_Length)
                  000070e8    00000008     RF430_Request_Processor.obj (.text:FetchReceivedMode)
                  000070f0    00000008     RF430_Request_Processor.obj (.text:FetchReceivedPollingInterval)
                  000070f8    00000008     RF430_Request_Processor.obj (.text:FetchReceivedTempMode)
                  00007100    00000008     main.obj (.text:_isr:Timer0_B0_ISR)
                  00007108    00000008     rts430x_lc_ld_eabi.lib : isr_trap.obj (.text:_isr:__TI_ISR_TRAP)
                  00007110    00000006     Datalogger.obj (.text:DL_Jump_Pointers)
                  00007116    00000006     Datalogger.obj (.text:DL_Set_Record_Header)
                  0000711c    00000006     rts430x_lc_ld_eabi.lib : exit.obj (.text:abort)
                  00007122    00000006                            : copy_decompress_rle.obj (.text:decompress:rle24:__TI_decompress_rle24)
                  00007128    00000002                            : startup.obj (.text:_system_post_cinit)

AES256     0    0000ffcc    00000002     
                  0000ffcc    00000002     rts430x_lc_ld_eabi.lib : int30.obj (.int30)

RTC        0    0000ffce    00000002     
                  0000ffce    00000002     RTC.obj (.int31)

PORT4      0    0000ffd0    00000002     
                  0000ffd0    00000002     rts430x_lc_ld_eabi.lib : int32.obj (.int32)

PORT3      0    0000ffd2    00000002     
                  0000ffd2    00000002     rts430x_lc_ld_eabi.lib : int33.obj (.int33)

TIMER3_A1 
*          0    0000ffd4    00000002     
                  0000ffd4    00000002     rts430x_lc_ld_eabi.lib : int34.obj (.int34)

TIMER3_A0 
*          0    0000ffd6    00000002     
                  0000ffd6    00000002     rts430x_lc_ld_eabi.lib : int35.obj (.int35)

PORT2      0    0000ffd8    00000002     
                  0000ffd8    00000002     main.obj (.int36)

TIMER2_A1 
*          0    0000ffda    00000002     
                  0000ffda    00000002     rts430x_lc_ld_eabi.lib : int37.obj (.int37)

TIMER2_A0 
*          0    0000ffdc    00000002     
                  0000ffdc    00000002     rts430x_lc_ld_eabi.lib : int38.obj (.int38)

PORT1      0    0000ffde    00000002     
                  0000ffde    00000002     rts430x_lc_ld_eabi.lib : int39.obj (.int39)

TIMER1_A1 
*          0    0000ffe0    00000002     
                  0000ffe0    00000002     rts430x_lc_ld_eabi.lib : int40.obj (.int40)

TIMER1_A0 
*          0    0000ffe2    00000002     
                  0000ffe2    00000002     main.obj (.int41)

DMA        0    0000ffe4    00000002     
                  0000ffe4    00000002     rts430x_lc_ld_eabi.lib : int42.obj (.int42)

USCI_A1    0    0000ffe6    00000002     
                  0000ffe6    00000002     rts430x_lc_ld_eabi.lib : int43.obj (.int43)

TIMER0_A1 
*          0    0000ffe8    00000002     
                  0000ffe8    00000002     rts430x_lc_ld_eabi.lib : int44.obj (.int44)

TIMER0_A0 
*          0    0000ffea    00000002     
                  0000ffea    00000002     rts430x_lc_ld_eabi.lib : int45.obj (.int45)

ADC12      0    0000ffec    00000002     
                  0000ffec    00000002     rts430x_lc_ld_eabi.lib : int46.obj (.int46)

USCI_B0    0    0000ffee    00000002     
                  0000ffee    00000002     RF430_I2C.obj (.int47)

USCI_A0    0    0000fff0    00000002     
                  0000fff0    00000002     rts430x_lc_ld_eabi.lib : int48.obj (.int48)

WDT        0    0000fff2    00000002     
                  0000fff2    00000002     rts430x_lc_ld_eabi.lib : int49.obj (.int49)

TIMER0_B1 
*          0    0000fff4    00000002     
                  0000fff4    00000002     rts430x_lc_ld_eabi.lib : int50.obj (.int50)

TIMER0_B0 
*          0    0000fff6    00000002     
                  0000fff6    00000002     main.obj (.int51)

COMP_E     0    0000fff8    00000002     
                  0000fff8    00000002     rts430x_lc_ld_eabi.lib : int52.obj (.int52)

UNMI       0    0000fffa    00000002     
                  0000fffa    00000002     rts430x_lc_ld_eabi.lib : int53.obj (.int53)

SYSNMI     0    0000fffc    00000002     
                  0000fffc    00000002     rts430x_lc_ld_eabi.lib : int54.obj (.int54)

.reset     0    0000fffe    00000002     
                  0000fffe    00000002     rts430x_lc_ld_eabi.lib : boot.obj (.reset)

MODULE SUMMARY

       Module                        code   ro data   rw data
       ------                        ----   -------   -------
    .\
       RF430_Request_Processor.obj   1928   15        750    
       Datalogger.obj                2502   80        91     
       main.obj                      1268   6         42     
       RF430CL331H.obj               622    0         80     
       OPT3001.obj                   474    48        0      
       RF430_I2C.obj                 426    2         14     
       TMP112.obj                    404    0         0      
       HDC1000.obj                   370    0         0      
       RTC.obj                       302    2         0      
       TIME.obj                      38     0         0      
       system_pre_init.obj           10     0         0      
    +--+-----------------------------+------+---------+---------+
       Total:                        8344   153       977    
                                                             
    C:\ti\ccsv6\tools\compiler\ti-cgt-msp430_15.12.1.LTS\lib\rts430x_lc_ld_eabi.lib
       fs_mpy.obj                    184    0         0      
       autoinit_wdt.obj              168    0         0      
       cpy_tbl.obj                   114    0         0      
       copy_decompress_rle.obj       110    0         0      
       div32u.obj                    88     0         0      
       fs_cmp.obj                    74     0         0      
       fs_tou.obj                    70     0         0      
       asr32.obj                     62     0         0      
       div16s.obj                    44     0         0      
       memcpy.obj                    42     0         0      
       fs_utof.obj                   36     0         0      
       mult32_f5hw.obj               36     0         0      
       memset.obj                    32     0         0      
       boot_special.obj              26     0         0      
       mult16_f5hw.obj               24     0         0      
       copy_decompress_none.obj      22     0         0      
       div16u.obj                    22     0         0      
       isr_trap.obj                  8      0         0      
       exit.obj                      6      0         0      
       boot.obj                      0      2         0      
       int30.obj                     0      2         0      
       int32.obj                     0      2         0      
       int33.obj                     0      2         0      
       int34.obj                     0      2         0      
       int35.obj                     0      2         0      
       int37.obj                     0      2         0      
       int38.obj                     0      2         0      
       int39.obj                     0      2         0      
       int40.obj                     0      2         0      
       int42.obj                     0      2         0      
       int43.obj                     0      2         0      
       int44.obj                     0      2         0      
       int45.obj                     0      2         0      
       int46.obj                     0      2         0      
       int48.obj                     0      2         0      
       int49.obj                     0      2         0      
       int50.obj                     0      2         0      
       int52.obj                     0      2         0      
       int53.obj                     0      2         0      
       int54.obj                     0      2         0      
       startup.obj                   2      0         0      
    +--+-----------------------------+------+---------+---------+
       Total:                        1170   42        0      
                                                             
       Stack:                        0      0         160    
       Linker Generated:             0      745       0      
    +--+-----------------------------+------+---------+---------+
       Grand Total:                  9514   940       1137   


LINKER GENERATED COPY TABLES

__TI_cinit_table @ 00004ada records: 2, size/record: 8, table size: 16
	.data: load addr=00004800, load size=000002c8 bytes, run addr=00001c00, run size=000002f0 bytes, compression=rle
	.bss: load addr=00004ac8, load size=00000009 bytes, run addr=00001ef0, run size=0000007b bytes, compression=rle


LINKER GENERATED HANDLER TABLE

__TI_handler_table @ 00004ad2 records: 2, size/record: 4, table size: 8
	index: 0, handler: __TI_decompress_rle24
	index: 1, handler: __TI_decompress_none


GLOBAL SYMBOLS: SORTED ALPHABETICALLY BY Name 

address   name                        
-------   ----                        
00000800  ADC12CTL0                   
00000801  ADC12CTL0_H                 
00000800  ADC12CTL0_L                 
00000802  ADC12CTL1                   
00000803  ADC12CTL1_H                 
00000802  ADC12CTL1_L                 
00000804  ADC12CTL2                   
00000805  ADC12CTL2_H                 
00000804  ADC12CTL2_L                 
00000806  ADC12CTL3                   
00000807  ADC12CTL3_H                 
00000806  ADC12CTL3_L                 
0000080a  ADC12HI                     
0000080b  ADC12HI_H                   
0000080a  ADC12HI_L                   
00000812  ADC12IER0                   
00000813  ADC12IER0_H                 
00000812  ADC12IER0_L                 
00000814  ADC12IER1                   
00000815  ADC12IER1_H                 
00000814  ADC12IER1_L                 
00000816  ADC12IER2                   
00000817  ADC12IER2_H                 
00000816  ADC12IER2_L                 
0000080c  ADC12IFGR0                  
0000080d  ADC12IFGR0_H                
0000080c  ADC12IFGR0_L                
0000080e  ADC12IFGR1                  
0000080f  ADC12IFGR1_H                
0000080e  ADC12IFGR1_L                
00000810  ADC12IFGR2                  
00000811  ADC12IFGR2_H                
00000810  ADC12IFGR2_L                
00000818  ADC12IV                     
00000819  ADC12IV_H                   
00000818  ADC12IV_L                   
00000808  ADC12LO                     
00000809  ADC12LO_H                   
00000808  ADC12LO_L                   
00000820  ADC12MCTL0                  
00000821  ADC12MCTL0_H                
00000820  ADC12MCTL0_L                
00000822  ADC12MCTL1                  
00000834  ADC12MCTL10                 
00000835  ADC12MCTL10_H               
00000834  ADC12MCTL10_L               
00000836  ADC12MCTL11                 
00000837  ADC12MCTL11_H               
00000836  ADC12MCTL11_L               
00000838  ADC12MCTL12                 
00000839  ADC12MCTL12_H               
00000838  ADC12MCTL12_L               
0000083a  ADC12MCTL13                 
0000083b  ADC12MCTL13_H               
0000083a  ADC12MCTL13_L               
0000083c  ADC12MCTL14                 
0000083d  ADC12MCTL14_H               
0000083c  ADC12MCTL14_L               
0000083e  ADC12MCTL15                 
0000083f  ADC12MCTL15_H               
0000083e  ADC12MCTL15_L               
00000840  ADC12MCTL16                 
00000841  ADC12MCTL16_H               
00000840  ADC12MCTL16_L               
00000842  ADC12MCTL17                 
00000843  ADC12MCTL17_H               
00000842  ADC12MCTL17_L               
00000844  ADC12MCTL18                 
00000845  ADC12MCTL18_H               
00000844  ADC12MCTL18_L               
00000846  ADC12MCTL19                 
00000847  ADC12MCTL19_H               
00000846  ADC12MCTL19_L               
00000823  ADC12MCTL1_H                
00000822  ADC12MCTL1_L                
00000824  ADC12MCTL2                  
00000848  ADC12MCTL20                 
00000849  ADC12MCTL20_H               
00000848  ADC12MCTL20_L               
0000084a  ADC12MCTL21                 
0000084b  ADC12MCTL21_H               
0000084a  ADC12MCTL21_L               
0000084c  ADC12MCTL22                 
0000084d  ADC12MCTL22_H               
0000084c  ADC12MCTL22_L               
0000084e  ADC12MCTL23                 
0000084f  ADC12MCTL23_H               
0000084e  ADC12MCTL23_L               
00000850  ADC12MCTL24                 
00000851  ADC12MCTL24_H               
00000850  ADC12MCTL24_L               
00000852  ADC12MCTL25                 
00000853  ADC12MCTL25_H               
00000852  ADC12MCTL25_L               
00000854  ADC12MCTL26                 
00000855  ADC12MCTL26_H               
00000854  ADC12MCTL26_L               
00000856  ADC12MCTL27                 
00000857  ADC12MCTL27_H               
00000856  ADC12MCTL27_L               
00000858  ADC12MCTL28                 
00000859  ADC12MCTL28_H               
00000858  ADC12MCTL28_L               
0000085a  ADC12MCTL29                 
0000085b  ADC12MCTL29_H               
0000085a  ADC12MCTL29_L               
00000825  ADC12MCTL2_H                
00000824  ADC12MCTL2_L                
00000826  ADC12MCTL3                  
0000085c  ADC12MCTL30                 
0000085d  ADC12MCTL30_H               
0000085c  ADC12MCTL30_L               
0000085e  ADC12MCTL31                 
0000085f  ADC12MCTL31_H               
0000085e  ADC12MCTL31_L               
00000827  ADC12MCTL3_H                
00000826  ADC12MCTL3_L                
00000828  ADC12MCTL4                  
00000829  ADC12MCTL4_H                
00000828  ADC12MCTL4_L                
0000082a  ADC12MCTL5                  
0000082b  ADC12MCTL5_H                
0000082a  ADC12MCTL5_L                
0000082c  ADC12MCTL6                  
0000082d  ADC12MCTL6_H                
0000082c  ADC12MCTL6_L                
0000082e  ADC12MCTL7                  
0000082f  ADC12MCTL7_H                
0000082e  ADC12MCTL7_L                
00000830  ADC12MCTL8                  
00000831  ADC12MCTL8_H                
00000830  ADC12MCTL8_L                
00000832  ADC12MCTL9                  
00000833  ADC12MCTL9_H                
00000832  ADC12MCTL9_L                
00000860  ADC12MEM0                   
00000861  ADC12MEM0_H                 
00000860  ADC12MEM0_L                 
00000862  ADC12MEM1                   
00000874  ADC12MEM10                  
00000875  ADC12MEM10_H                
00000874  ADC12MEM10_L                
00000876  ADC12MEM11                  
00000877  ADC12MEM11_H                
00000876  ADC12MEM11_L                
00000878  ADC12MEM12                  
00000879  ADC12MEM12_H                
00000878  ADC12MEM12_L                
0000087a  ADC12MEM13                  
0000087b  ADC12MEM13_H                
0000087a  ADC12MEM13_L                
0000087c  ADC12MEM14                  
0000087d  ADC12MEM14_H                
0000087c  ADC12MEM14_L                
0000087e  ADC12MEM15                  
0000087f  ADC12MEM15_H                
0000087e  ADC12MEM15_L                
00000880  ADC12MEM16                  
00000881  ADC12MEM16_H                
00000880  ADC12MEM16_L                
00000882  ADC12MEM17                  
00000883  ADC12MEM17_H                
00000882  ADC12MEM17_L                
00000884  ADC12MEM18                  
00000885  ADC12MEM18_H                
00000884  ADC12MEM18_L                
00000886  ADC12MEM19                  
00000887  ADC12MEM19_H                
00000886  ADC12MEM19_L                
00000863  ADC12MEM1_H                 
00000862  ADC12MEM1_L                 
00000864  ADC12MEM2                   
00000888  ADC12MEM20                  
00000889  ADC12MEM20_H                
00000888  ADC12MEM20_L                
0000088a  ADC12MEM21                  
0000088b  ADC12MEM21_H                
0000088a  ADC12MEM21_L                
0000088c  ADC12MEM22                  
0000088d  ADC12MEM22_H                
0000088c  ADC12MEM22_L                
0000088e  ADC12MEM23                  
0000088f  ADC12MEM23_H                
0000088e  ADC12MEM23_L                
00000890  ADC12MEM24                  
00000891  ADC12MEM24_H                
00000890  ADC12MEM24_L                
00000892  ADC12MEM25                  
00000893  ADC12MEM25_H                
00000892  ADC12MEM25_L                
00000894  ADC12MEM26                  
00000895  ADC12MEM26_H                
00000894  ADC12MEM26_L                
00000896  ADC12MEM27                  
00000897  ADC12MEM27_H                
00000896  ADC12MEM27_L                
00000898  ADC12MEM28                  
00000899  ADC12MEM28_H                
00000898  ADC12MEM28_L                
0000089a  ADC12MEM29                  
0000089b  ADC12MEM29_H                
0000089a  ADC12MEM29_L                
00000865  ADC12MEM2_H                 
00000864  ADC12MEM2_L                 
00000866  ADC12MEM3                   
0000089c  ADC12MEM30                  
0000089d  ADC12MEM30_H                
0000089c  ADC12MEM30_L                
0000089e  ADC12MEM31                  
0000089f  ADC12MEM31_H                
0000089e  ADC12MEM31_L                
00000867  ADC12MEM3_H                 
00000866  ADC12MEM3_L                 
00000868  ADC12MEM4                   
00000869  ADC12MEM4_H                 
00000868  ADC12MEM4_L                 
0000086a  ADC12MEM5                   
0000086b  ADC12MEM5_H                 
0000086a  ADC12MEM5_L                 
0000086c  ADC12MEM6                   
0000086d  ADC12MEM6_H                 
0000086c  ADC12MEM6_L                 
0000086e  ADC12MEM7                   
0000086f  ADC12MEM7_H                 
0000086e  ADC12MEM7_L                 
00000870  ADC12MEM8                   
00000871  ADC12MEM8_H                 
00000870  ADC12MEM8_L                 
00000872  ADC12MEM9                   
00000873  ADC12MEM9_H                 
00000872  ADC12MEM9_L                 
000009c0  AESACTL0                    
000009c1  AESACTL0_H                  
000009c0  AESACTL0_L                  
000009c2  AESACTL1                    
000009c3  AESACTL1_H                  
000009c2  AESACTL1_L                  
000009c8  AESADIN                     
000009c9  AESADIN_H                   
000009c8  AESADIN_L                   
000009ca  AESADOUT                    
000009cb  AESADOUT_H                  
000009ca  AESADOUT_L                  
000009c6  AESAKEY                     
000009c7  AESAKEY_H                   
000009c6  AESAKEY_L                   
000009c4  AESASTAT                    
000009c5  AESASTAT_H                  
000009c4  AESASTAT_L                  
000009cc  AESAXDIN                    
000009cd  AESAXDIN_H                  
000009cc  AESAXDIN_L                  
000009ce  AESAXIN                     
000009cf  AESAXIN_H                   
000009ce  AESAXIN_L                   
000004be  BCD2BIN                     
000004bc  BIN2BCD                     
0000711c  C$$EXIT                     
0000043e  CAPTIO0CTL                  
0000043f  CAPTIO0CTL_H                
0000043e  CAPTIO0CTL_L                
0000047e  CAPTIO1CTL                  
0000047f  CAPTIO1CTL_H                
0000047e  CAPTIO1CTL_L                
00004b6a  CCFILE_TEXT_DEFAULT_DATA    
00004400  CCFileText                  
000008c0  CECTL0                      
000008c1  CECTL0_H                    
000008c0  CECTL0_L                    
000008c2  CECTL1                      
000008c3  CECTL1_H                    
000008c2  CECTL1_L                    
000008c4  CECTL2                      
000008c5  CECTL2_H                    
000008c4  CECTL2_L                    
000008c6  CECTL3                      
000008c7  CECTL3_H                    
000008c6  CECTL3_L                    
000008cc  CEINT                       
000008cd  CEINT_H                     
000008cc  CEINT_L                     
000008ce  CEIV                        
000008cf  CEIV_H                      
000008ce  CEIV_L                      
00006d80  CL331H_I2C_Init             
0000663a  CL331H_Read_Register        
00006566  CL331H_Write_Register       
00000150  CRCDI                       
00000152  CRCDIRB                     
00000153  CRCDIRB_H                   
00000152  CRCDIRB_L                   
00000151  CRCDI_H                     
00000150  CRCDI_L                     
00000154  CRCINIRES                   
00000155  CRCINIRES_H                 
00000154  CRCINIRES_L                 
00000156  CRCRESR                     
00000157  CRCRESR_H                   
00000156  CRCRESR_L                   
00000160  CSCTL0                      
00000161  CSCTL0_H                    
00000160  CSCTL0_L                    
00000162  CSCTL1                      
00000163  CSCTL1_H                    
00000162  CSCTL1_L                    
00000164  CSCTL2                      
00000165  CSCTL2_H                    
00000164  CSCTL2_L                    
00000166  CSCTL3                      
00000167  CSCTL3_H                    
00000166  CSCTL3_L                    
00000168  CSCTL4                      
00000169  CSCTL4_H                    
00000168  CSCTL4_L                    
0000016a  CSCTL5                      
0000016b  CSCTL5_H                    
0000016a  CSCTL5_L                    
0000016c  CSCTL6                      
0000016d  CSCTL6_H                    
0000016c  CSCTL6_L                    
00001ec6  Cmd                         
00004460  Command_Received_t          
00005e8c  DL_Get_Data                 
0000709a  DL_Get_State                
00007110  DL_Jump_Pointers            
000065d0  DL_Print_Humidity           
00006940  DL_Print_Light              
00006ef2  DL_Print_Power_Lost         
000067ce  DL_Print_Temperature        
000055b4  DL_Print_Timestamp          
000070e0  DL_Reload_Length            
00006ff4  DL_Reset                    
00007116  DL_Set_Record_Header        
00005344  DL_Update                   
00005b1c  DL_Update_Data              
000069ea  DL_Update_Length            
000070ba  DL_Update_Pointers          
00000510  DMA0CTL                     
00000511  DMA0CTL_H                   
00000510  DMA0CTL_L                   
00000516  DMA0DA                      
00000518  DMA0DAH                     
00000516  DMA0DAL                     
00000512  DMA0SA                      
00000514  DMA0SAH                     
00000512  DMA0SAL                     
0000051a  DMA0SZ                      
00000520  DMA1CTL                     
00000521  DMA1CTL_H                   
00000520  DMA1CTL_L                   
00000526  DMA1DA                      
00000528  DMA1DAH                     
00000526  DMA1DAL                     
00000522  DMA1SA                      
00000524  DMA1SAH                     
00000522  DMA1SAL                     
0000052a  DMA1SZ                      
00000530  DMA2CTL                     
00000531  DMA2CTL_H                   
00000530  DMA2CTL_L                   
00000536  DMA2DA                      
00000538  DMA2DAH                     
00000536  DMA2DAL                     
00000532  DMA2SA                      
00000534  DMA2SAH                     
00000532  DMA2SAL                     
0000053a  DMA2SZ                      
00000500  DMACTL0                     
00000501  DMACTL0_H                   
00000500  DMACTL0_L                   
00000502  DMACTL1                     
00000503  DMACTL1_H                   
00000502  DMACTL1_L                   
00000504  DMACTL2                     
00000505  DMACTL2_H                   
00000504  DMACTL2_L                   
00000506  DMACTL3                     
00000507  DMACTL3_H                   
00000506  DMACTL3_L                   
00000508  DMACTL4                     
00000509  DMACTL4_H                   
00000508  DMACTL4_L                   
0000050e  DMAIV                       
0000050f  DMAIV_H                     
0000050e  DMAIV_L                     
00001c00  E104_DEFAULT_DATA           
00001ee0  E104_DEFAULT_DATA_RECORD    
000061bc  E104_Send_File              
0000688e  E104_Send_File_Record       
00000140  FRCTL0                      
00000141  FRCTL0_H                    
00000140  FRCTL0_L                    
00006fa0  FetchReceivedDate           
000070e8  FetchReceivedMode           
000070f0  FetchReceivedPollingInterval
000070f8  FetchReceivedTempMode       
00006fbc  FetchReceivedTime           
00000144  GCCTL0                      
00000145  GCCTL0_H                    
00000144  GCCTL0_L                    
00000146  GCCTL1                      
00000147  GCCTL1_H                    
00000146  GCCTL1_L                    
000063ae  GetLuxValue                 
00006a7e  HDC_Get_Humidity            
000064fa  HDC_I2C_Measurement         
00006b0a  HDC_I2C_Trigger_Measurement 
00006996  HDC_I2C_Write_Register      
00006e58  HDC_Init                    
0000641e  HumidityDecToAscii          
00006e04  I2C_OPT_Init                
0000608c  I2C_OPT_Read_Register       
0000612c  I2C_OPT_Write_Register      
00004b3a  LSBValues                   
0000591e  LightDecToAscii             
00006e80  Low_Power_Delay_ms          
000004c4  MAC                         
000004da  MAC32H                      
000004db  MAC32H_H                    
000004da  MAC32H_L                    
000004d8  MAC32L                      
000004d9  MAC32L_H                    
000004d8  MAC32L_L                    
000004c6  MACS                        
000004de  MACS32H                     
000004df  MACS32H_H                   
000004de  MACS32H_L                   
000004dc  MACS32L                     
000004dd  MACS32L_H                   
000004dc  MACS32L_L                   
000004c7  MACS_H                      
000004c6  MACS_L                      
000004c5  MAC_H                       
000004c4  MAC_L                       
000005a0  MPUCTL0                     
000005a1  MPUCTL0_H                   
000005a0  MPUCTL0_L                   
000005a2  MPUCTL1                     
000005a3  MPUCTL1_H                   
000005a2  MPUCTL1_L                   
000005aa  MPUIPC0                     
000005ab  MPUIPC0_H                   
000005aa  MPUIPC0_L                   
000005ae  MPUIPSEGB1                  
000005af  MPUIPSEGB1_H                
000005ae  MPUIPSEGB1_L                
000005ac  MPUIPSEGB2                  
000005ad  MPUIPSEGB2_H                
000005ac  MPUIPSEGB2_L                
000005a8  MPUSAM                      
000005a9  MPUSAM_H                    
000005a8  MPUSAM_L                    
000005a6  MPUSEGB1                    
000005a7  MPUSEGB1_H                  
000005a6  MPUSEGB1_L                  
000005a4  MPUSEGB2                    
000005a5  MPUSEGB2_H                  
000005a4  MPUSEGB2_L                  
000004c0  MPY                         
000004ec  MPY32CTL0                   
000004ed  MPY32CTL0_H                 
000004ec  MPY32CTL0_L                 
000004d2  MPY32H                      
000004d3  MPY32H_H                    
000004d2  MPY32H_L                    
000004d0  MPY32L                      
000004d1  MPY32L_H                    
000004d0  MPY32L_L                    
000004c2  MPYS                        
000004d6  MPYS32H                     
000004d7  MPYS32H_H                   
000004d6  MPYS32H_L                   
000004d4  MPYS32L                     
000004d5  MPYS32L_H                   
000004d4  MPYS32L_L                   
000004c3  MPYS_H                      
000004c2  MPYS_L                      
000004c1  MPY_H                       
000004c0  MPY_L                       
00005cee  MSP430_Init                 
0000441a  NdefFiles                   
0000443e  NumberOfFiles               
000004c8  OP2                         
000004e2  OP2H                        
000004e3  OP2H_H                      
000004e2  OP2H_L                      
000004e0  OP2L                        
000004e1  OP2L_H                      
000004e0  OP2L_L                      
000004c9  OP2_H                       
000004c8  OP2_L                       
0000020e  P1IV                        
0000021e  P2IV                        
0000022e  P3IV                        
0000023e  P4IV                        
00000204  PADIR                       
00000205  PADIR_H                     
00000204  PADIR_L                     
0000021a  PAIE                        
00000218  PAIES                       
00000219  PAIES_H                     
00000218  PAIES_L                     
0000021b  PAIE_H                      
0000021a  PAIE_L                      
0000021c  PAIFG                       
0000021d  PAIFG_H                     
0000021c  PAIFG_L                     
00000200  PAIN                        
00000201  PAIN_H                      
00000200  PAIN_L                      
00000202  PAOUT                       
00000203  PAOUT_H                     
00000202  PAOUT_L                     
00000206  PAREN                       
00000207  PAREN_H                     
00000206  PAREN_L                     
0000020a  PASEL0                      
0000020b  PASEL0_H                    
0000020a  PASEL0_L                    
0000020c  PASEL1                      
0000020d  PASEL1_H                    
0000020c  PASEL1_L                    
00000216  PASELC                      
00000217  PASELC_H                    
00000216  PASELC_L                    
00000224  PBDIR                       
00000225  PBDIR_H                     
00000224  PBDIR_L                     
0000023a  PBIE                        
00000238  PBIES                       
00000239  PBIES_H                     
00000238  PBIES_L                     
0000023b  PBIE_H                      
0000023a  PBIE_L                      
0000023c  PBIFG                       
0000023d  PBIFG_H                     
0000023c  PBIFG_L                     
00000220  PBIN                        
00000221  PBIN_H                      
00000220  PBIN_L                      
00000222  PBOUT                       
00000223  PBOUT_H                     
00000222  PBOUT_L                     
00000226  PBREN                       
00000227  PBREN_H                     
00000226  PBREN_L                     
0000022a  PBSEL0                      
0000022b  PBSEL0_H                    
0000022a  PBSEL0_L                    
0000022c  PBSEL1                      
0000022d  PBSEL1_H                    
0000022c  PBSEL1_L                    
00000236  PBSELC                      
00000237  PBSELC_H                    
00000236  PBSELC_L                    
00000324  PJDIR                       
00000325  PJDIR_H                     
00000324  PJDIR_L                     
00000320  PJIN                        
00000321  PJIN_H                      
00000320  PJIN_L                      
00000322  PJOUT                       
00000323  PJOUT_H                     
00000322  PJOUT_L                     
00000326  PJREN                       
00000327  PJREN_H                     
00000326  PJREN_L                     
0000032a  PJSEL0                      
0000032b  PJSEL0_H                    
0000032a  PJSEL0_L                    
0000032c  PJSEL1                      
0000032d  PJSEL1_H                    
0000032c  PJSEL1_L                    
00000336  PJSELC                      
00000337  PJSELC_H                    
00000336  PJSELC_L                    
00000130  PM5CTL0                     
00000131  PM5CTL0_H                   
00000130  PM5CTL0_L                   
00000120  PMMCTL0                     
00000121  PMMCTL0_H                   
00000120  PMMCTL0_L                   
0000012a  PMMIFG                      
0000012b  PMMIFG_H                    
0000012a  PMMIFG_L                    
00006c4a  PORT2_ISR                   
00001f54  PRxData                     
00001f58  PTxData                     
00004c00  ProcessReceivedFileText     
000001b0  REFCTL0                     
000001b1  REFCTL0_H                   
000001b0  REFCTL0_L                   
000004e4  RES0                        
000004e5  RES0_H                      
000004e4  RES0_L                      
000004e6  RES1                        
000004e7  RES1_H                      
000004e6  RES1_L                      
000004e8  RES2                        
000004e9  RES2_H                      
000004e8  RES2_L                      
000004ea  RES3                        
000004eb  RES3_H                      
000004ea  RES3_L                      
000004cc  RESHI                       
000004cd  RESHI_H                     
000004cc  RESHI_L                     
000004ca  RESLO                       
000004cb  RESLO_H                     
000004ca  RESLO_L                     
00006b90  RF430CL331H_Init            
0000682e  RF430Patch                  
00006f5e  RF430_I2C_Send_Stop         
00001e33  RF430_I2C_Start             
00001f68  RF430_I2C_State             
00006bce  RF430_I2C_Write             
0000670a  RF430_I2C_Write_Restart_Read
000004ba  RTCADOWDAY                  
000004bb  RTCADOWDAY_H                
000004ba  RTCADOWDAY_L                
000004b8  RTCAMINHR                   
000004b9  RTCAMINHR_H                 
000004b8  RTCAMINHR_L                 
000004a0  RTCCTL01                    
000004a1  RTCCTL01_H                  
000004a0  RTCCTL01_L                  
000004a2  RTCCTL23                    
000004a3  RTCCTL23_H                  
000004a2  RTCCTL23_L                  
000004b4  RTCDATE                     
000004b5  RTCDATE_H                   
000004b4  RTCDATE_L                   
00006d52  RTCISR                      
000004ae  RTCIV                       
000004ac  RTCPS                       
000004a8  RTCPS0CTL                   
000004a9  RTCPS0CTL_H                 
000004a8  RTCPS0CTL_L                 
000004aa  RTCPS1CTL                   
000004ab  RTCPS1CTL_H                 
000004aa  RTCPS1CTL_L                 
000004ad  RTCPS_H                     
000004ac  RTCPS_L                     
000004b0  RTCTIM0                     
000004b1  RTCTIM0_H                   
000004b0  RTCTIM0_L                   
000004b2  RTCTIM1                     
000004b3  RTCTIM1_H                   
000004b2  RTCTIM1_L                   
000004b6  RTCYEAR                     
000004b7  RTCYEAR_H                   
000004b6  RTCYEAR_L                   
00007086  RTC_Disable_Alarm           
00006c86  RTC_Init                    
0000624a  RTC_Set_Alarm               
00006fd8  RTC_Set_Date                
0000700e  RTC_Set_Time                
00001f60  RXByteCtr                   
00006ea6  ReadDataOnFile              
00006d24  Read_Continuous             
00001ef0  ReceivedFileTextPrebuf      
0000648c  ResetDatalogger             
0000676c  ResetRF430                  
00000100  SFRIE1                      
00000101  SFRIE1_H                    
00000100  SFRIE1_L                    
00000102  SFRIFG1                     
00000103  SFRIFG1_H                   
00000102  SFRIFG1_L                   
00000104  SFRRPCR                     
00000105  SFRRPCR_H                   
00000104  SFRRPCR_L                   
000004ce  SUMEXT                      
000004cf  SUMEXT_H                    
000004ce  SUMEXT_L                    
00000180  SYSCTL                      
00000181  SYSCTL_H                    
00000180  SYSCTL_L                    
00000186  SYSJMBC                     
00000187  SYSJMBC_H                   
00000186  SYSJMBC_L                   
00000188  SYSJMBI0                    
00000189  SYSJMBI0_H                  
00000188  SYSJMBI0_L                  
0000018a  SYSJMBI1                    
0000018b  SYSJMBI1_H                  
0000018a  SYSJMBI1_L                  
0000018c  SYSJMBO0                    
0000018d  SYSJMBO0_H                  
0000018c  SYSJMBO0_L                  
0000018e  SYSJMBO1                    
0000018f  SYSJMBO1_H                  
0000018e  SYSJMBO1_L                  
0000019e  SYSRSTIV                    
0000019f  SYSRSTIV_H                  
0000019e  SYSRSTIV_L                  
0000019c  SYSSNIV                     
0000019d  SYSSNIV_H                   
0000019c  SYSSNIV_L                   
0000019a  SYSUNIV                     
0000019b  SYSUNIV_H                   
0000019a  SYSUNIV_L                   
00001ec4  Sample_Rate                 
00006cbe  SearchForFile               
00001eec  SelectedFile                
00006cf2  SendDataOnFile              
0000577c  ServiceInterrupt            
000070aa  StartLuxMeasurement         
00001ec0  State_t                     
00000352  TA0CCR0                     
00000354  TA0CCR1                     
00000356  TA0CCR2                     
00000342  TA0CCTL0                    
00000344  TA0CCTL1                    
00000346  TA0CCTL2                    
00000340  TA0CTL                      
00000360  TA0EX0                      
0000036e  TA0IV                       
00000350  TA0R                        
00000392  TA1CCR0                     
00000394  TA1CCR1                     
00000396  TA1CCR2                     
00000382  TA1CCTL0                    
00000384  TA1CCTL1                    
00000386  TA1CCTL2                    
00000380  TA1CTL                      
000003a0  TA1EX0                      
000003ae  TA1IV                       
00000390  TA1R                        
00000412  TA2CCR0                     
00000414  TA2CCR1                     
00000402  TA2CCTL0                    
00000404  TA2CCTL1                    
00000400  TA2CTL                      
00000420  TA2EX0                      
0000042e  TA2IV                       
00000410  TA2R                        
00000452  TA3CCR0                     
00000454  TA3CCR1                     
00000442  TA3CCTL0                    
00000444  TA3CCTL1                    
00000440  TA3CTL                      
00000460  TA3EX0                      
0000046e  TA3IV                       
00000450  TA3R                        
000003d2  TB0CCR0                     
000003d4  TB0CCR1                     
000003d6  TB0CCR2                     
000003d8  TB0CCR3                     
000003da  TB0CCR4                     
000003dc  TB0CCR5                     
000003de  TB0CCR6                     
000003c2  TB0CCTL0                    
000003c4  TB0CCTL1                    
000003c6  TB0CCTL2                    
000003c8  TB0CCTL3                    
000003ca  TB0CCTL4                    
000003cc  TB0CCTL5                    
000003ce  TB0CCTL6                    
000003c0  TB0CTL                      
000003e0  TB0EX0                      
000003ee  TB0IV                       
000003d0  TB0R                        
00005a22  TMP_Get_Temp                
00006ecc  TMP_I2C_Init                
000062c8  TMP_I2C_Read_Register       
00001f62  TXByteCtr                   
00005f3a  TempDecToAscii              
00007100  Timer0_B0_ISR               
000070c8  Timer1_A0_ISR               
00006dac  Timer_Init                  
00001eee  TxAddr                      
000005d0  UCA0ABCTL                   
000005c6  UCA0BRW                     
000005c7  UCA0BRW_H                   
000005c6  UCA0BRW_L                   
000005c0  UCA0CTLW0                   
000005c1  UCA0CTLW0_H                 
000005c0  UCA0CTLW0_L                 
000005c2  UCA0CTLW1                   
000005c3  UCA0CTLW1_H                 
000005c2  UCA0CTLW1_L                 
000005da  UCA0IE                      
000005db  UCA0IE_H                    
000005da  UCA0IE_L                    
000005dc  UCA0IFG                     
000005dd  UCA0IFG_H                   
000005dc  UCA0IFG_L                   
000005d2  UCA0IRCTL                   
000005d3  UCA0IRCTL_H                 
000005d2  UCA0IRCTL_L                 
000005de  UCA0IV                      
000005c8  UCA0MCTLW                   
000005c9  UCA0MCTLW_H                 
000005c8  UCA0MCTLW_L                 
000005cc  UCA0RXBUF                   
000005cd  UCA0RXBUF_H                 
000005cc  UCA0RXBUF_L                 
000005ca  UCA0STATW                   
000005ce  UCA0TXBUF                   
000005cf  UCA0TXBUF_H                 
000005ce  UCA0TXBUF_L                 
000005f0  UCA1ABCTL                   
000005e6  UCA1BRW                     
000005e7  UCA1BRW_H                   
000005e6  UCA1BRW_L                   
000005e0  UCA1CTLW0                   
000005e1  UCA1CTLW0_H                 
000005e0  UCA1CTLW0_L                 
000005e2  UCA1CTLW1                   
000005e3  UCA1CTLW1_H                 
000005e2  UCA1CTLW1_L                 
000005fa  UCA1IE                      
000005fb  UCA1IE_H                    
000005fa  UCA1IE_L                    
000005fc  UCA1IFG                     
000005fd  UCA1IFG_H                   
000005fc  UCA1IFG_L                   
000005f2  UCA1IRCTL                   
000005f3  UCA1IRCTL_H                 
000005f2  UCA1IRCTL_L                 
000005fe  UCA1IV                      
000005e8  UCA1MCTLW                   
000005e9  UCA1MCTLW_H                 
000005e8  UCA1MCTLW_L                 
000005ec  UCA1RXBUF                   
000005ed  UCA1RXBUF_H                 
000005ec  UCA1RXBUF_L                 
000005ea  UCA1STATW                   
000005ee  UCA1TXBUF                   
000005ef  UCA1TXBUF_H                 
000005ee  UCA1TXBUF_L                 
0000065e  UCB0ADDMASK                 
0000065f  UCB0ADDMASK_H               
0000065e  UCB0ADDMASK_L               
0000065c  UCB0ADDRX                   
0000065d  UCB0ADDRX_H                 
0000065c  UCB0ADDRX_L                 
00000646  UCB0BRW                     
00000647  UCB0BRW_H                   
00000646  UCB0BRW_L                   
00000640  UCB0CTLW0                   
00000641  UCB0CTLW0_H                 
00000640  UCB0CTLW0_L                 
00000642  UCB0CTLW1                   
00000643  UCB0CTLW1_H                 
00000642  UCB0CTLW1_L                 
00000654  UCB0I2COA0                  
00000655  UCB0I2COA0_H                
00000654  UCB0I2COA0_L                
00000656  UCB0I2COA1                  
00000657  UCB0I2COA1_H                
00000656  UCB0I2COA1_L                
00000658  UCB0I2COA2                  
00000659  UCB0I2COA2_H                
00000658  UCB0I2COA2_L                
0000065a  UCB0I2COA3                  
0000065b  UCB0I2COA3_H                
0000065a  UCB0I2COA3_L                
00000660  UCB0I2CSA                   
00000661  UCB0I2CSA_H                 
00000660  UCB0I2CSA_L                 
0000066a  UCB0IE                      
0000066b  UCB0IE_H                    
0000066a  UCB0IE_L                    
0000066c  UCB0IFG                     
0000066d  UCB0IFG_H                   
0000066c  UCB0IFG_L                   
0000066e  UCB0IV                      
0000064c  UCB0RXBUF                   
0000064d  UCB0RXBUF_H                 
0000064c  UCB0RXBUF_L                 
00000648  UCB0STATW                   
00000649  UCB0STATW_H                 
00000648  UCB0STATW_L                 
0000064a  UCB0TBCNT                   
0000064b  UCB0TBCNT_H                 
0000064a  UCB0TBCNT_L                 
0000064e  UCB0TXBUF                   
0000064f  UCB0TXBUF_H                 
0000064e  UCB0TXBUF_L                 
00005c06  USCI_B0_ISR                 
0000015c  WDTCTL                      
0000015d  WDTCTL_H                    
0000015c  WDTCTL_L                    
00006b4e  Write_Continuous            
00002400  __STACK_END                 
000000a0  __STACK_SIZE                
UNDEFED   __TI_BINIT_Base             
UNDEFED   __TI_BINIT_Limit            
00004ada  __TI_CINIT_Base             
00004aea  __TI_CINIT_Limit            
00004ad2  __TI_Handler_Table_Base     
00004ada  __TI_Handler_Table_Limit    
UNDEFED   __TI_INITARRAY_Base         
UNDEFED   __TI_INITARRAY_Limit        
00007108  __TI_ISR_TRAP               
0000705a  __TI_decompress_none        
00007122  __TI_decompress_rle24       
0000ffcc  __TI_int30                  
0000ffce  __TI_int31                  
0000ffd0  __TI_int32                  
0000ffd2  __TI_int33                  
0000ffd4  __TI_int34                  
0000ffd6  __TI_int35                  
0000ffd8  __TI_int36                  
0000ffda  __TI_int37                  
0000ffdc  __TI_int38                  
0000ffde  __TI_int39                  
0000ffe0  __TI_int40                  
0000ffe2  __TI_int41                  
0000ffe4  __TI_int42                  
0000ffe6  __TI_int43                  
0000ffe8  __TI_int44                  
0000ffea  __TI_int45                  
0000ffec  __TI_int46                  
0000ffee  __TI_int47                  
0000fff0  __TI_int48                  
0000fff2  __TI_int49                  
0000fff4  __TI_int50                  
0000fff6  __TI_int51                  
0000fff8  __TI_int52                  
0000fffa  __TI_int53                  
0000fffc  __TI_int54                  
ffffffff  __TI_pprof_out_hndl         
ffffffff  __TI_prof_data_size         
ffffffff  __TI_prof_data_start        
ffffffff  __c_args__                  
0000a501  __mpuctl0                   
00004645  __mpusam                    
000004c0  __mpusegb1                  
00000480  __mpusegb2                  
00006a34  __mspabi_cmpf               
00006dd8  __mspabi_divi               
00007070  __mspabi_divu               
000068e8  __mspabi_divul              
00006ac4  __mspabi_fixfu              
00006f16  __mspabi_fltuf              
00005dd4  __mspabi_mpyf               
00007042  __mspabi_mpyi_f5hw          
00006f3a  __mspabi_mpyl_f5hw          
00006dd8  __mspabi_remi               
00007070  __mspabi_remu               
000068e8  __mspabi_remul              
00006c44  __mspabi_sral_1             
00006c20  __mspabi_sral_10            
00006c1c  __mspabi_sral_11            
00006c18  __mspabi_sral_12            
00006c14  __mspabi_sral_13            
00006c10  __mspabi_sral_14            
00006c0c  __mspabi_sral_15            
00006c40  __mspabi_sral_2             
00006c3c  __mspabi_sral_3             
00006c38  __mspabi_sral_4             
00006c34  __mspabi_sral_5             
00006c30  __mspabi_sral_6             
00006c2c  __mspabi_sral_7             
00006c28  __mspabi_sral_8             
00006c24  __mspabi_sral_9             
00005fe4  _auto_init_hold_wdt         
00007028  _c_int00_noargs_noexit      
0000fffe  _reset_vector               
00002360  _stack                      
00007128  _system_post_cinit          
000070d6  _system_pre_init            
0000711c  abort                       
00001ecd  button_pressed              
0000633c  copy_in                     
00004c00  fram_ipe_end                
00004c00  fram_ipe_start              
00004800  fram_ro_start               
00004400  fram_rw_start               
00004c00  fram_rx_start               
0000445e  g_Datalogger_Mode_t         
00001f64  g_TempDataCel               
00001f66  g_TempDataFahr              
00001ecb  g_TempNegFlagCel            
00001ecc  g_TempNegFlagFahr           
00004444  g_pui8E104EndOfPayload      
00004440  g_pui8E104StartOfPayload    
0000445a  g_u16NdefDataPointer        
00004458  g_u16NdefLength             
00004435  g_u8Day                     
00004434  g_u8Hour                    
0000445c  g_u8MaxLengthFlag           
00004433  g_u8Minute                  
0000443a  g_u8Mode                    
00004436  g_u8Month                   
00004438  g_u8PollingInterval         
00001f69  g_u8PollingIntervalLength   
00004432  g_u8Second                  
0000443c  g_u8TempMode                
00004437  g_u8Year                    
00001ec3  g_uc8DataloggingEnableFlag  
00001ecf  g_uc8PollingWakeupFlag      
00001ec2  g_uc8SleepBetweenLoopsFlag  
00004466  g_ui8PollingInterval        
00004462  g_ui8ResetStateFlag         
00004464  g_ui8TemperatureModeFlag    
00004456  gp_DLFullFlag               
0000444c  gp_EndOfData                
00001ed4  gp_EndOfDataloggingMemory   
00001edc  gp_EndOfVectorTable         
00004448  gp_StartOfData              
00001ed0  gp_StartOfDataloggingMemory 
00001ed8  gp_StartOfVectorTable       
00004454  gp_TotalDataLength          
00004450  gp_ui8StartOfRecordHeader   
00001ebf  gui8Rf430Initalized         
00001ebe  gui8RfFieldDetected         
00004fb4  main                        
00006e2e  memcpy                      
00006f80  memset                      
00001e82  p_uc8MemoryFullMessage      
00001e34  patch_looping               
00001ec7  read_complete               
00001ec8  rx_byte_count               
00001ec9  tx_byte_count               
00001eca  u8Ticks                     
00001f5c  uc8ReceivedData             
00001ece  uc8_CL331H_INTO_flag        
00001f6a  ui8TemperatureNegFlag       


GLOBAL SYMBOLS: SORTED BY Symbol Address 

address   name                        
-------   ----                        
000000a0  __STACK_SIZE                
00000100  SFRIE1                      
00000100  SFRIE1_L                    
00000101  SFRIE1_H                    
00000102  SFRIFG1                     
00000102  SFRIFG1_L                   
00000103  SFRIFG1_H                   
00000104  SFRRPCR                     
00000104  SFRRPCR_L                   
00000105  SFRRPCR_H                   
00000120  PMMCTL0                     
00000120  PMMCTL0_L                   
00000121  PMMCTL0_H                   
0000012a  PMMIFG                      
0000012a  PMMIFG_L                    
0000012b  PMMIFG_H                    
00000130  PM5CTL0                     
00000130  PM5CTL0_L                   
00000131  PM5CTL0_H                   
00000140  FRCTL0                      
00000140  FRCTL0_L                    
00000141  FRCTL0_H                    
00000144  GCCTL0                      
00000144  GCCTL0_L                    
00000145  GCCTL0_H                    
00000146  GCCTL1                      
00000146  GCCTL1_L                    
00000147  GCCTL1_H                    
00000150  CRCDI                       
00000150  CRCDI_L                     
00000151  CRCDI_H                     
00000152  CRCDIRB                     
00000152  CRCDIRB_L                   
00000153  CRCDIRB_H                   
00000154  CRCINIRES                   
00000154  CRCINIRES_L                 
00000155  CRCINIRES_H                 
00000156  CRCRESR                     
00000156  CRCRESR_L                   
00000157  CRCRESR_H                   
0000015c  WDTCTL                      
0000015c  WDTCTL_L                    
0000015d  WDTCTL_H                    
00000160  CSCTL0                      
00000160  CSCTL0_L                    
00000161  CSCTL0_H                    
00000162  CSCTL1                      
00000162  CSCTL1_L                    
00000163  CSCTL1_H                    
00000164  CSCTL2                      
00000164  CSCTL2_L                    
00000165  CSCTL2_H                    
00000166  CSCTL3                      
00000166  CSCTL3_L                    
00000167  CSCTL3_H                    
00000168  CSCTL4                      
00000168  CSCTL4_L                    
00000169  CSCTL4_H                    
0000016a  CSCTL5                      
0000016a  CSCTL5_L                    
0000016b  CSCTL5_H                    
0000016c  CSCTL6                      
0000016c  CSCTL6_L                    
0000016d  CSCTL6_H                    
00000180  SYSCTL                      
00000180  SYSCTL_L                    
00000181  SYSCTL_H                    
00000186  SYSJMBC                     
00000186  SYSJMBC_L                   
00000187  SYSJMBC_H                   
00000188  SYSJMBI0                    
00000188  SYSJMBI0_L                  
00000189  SYSJMBI0_H                  
0000018a  SYSJMBI1                    
0000018a  SYSJMBI1_L                  
0000018b  SYSJMBI1_H                  
0000018c  SYSJMBO0                    
0000018c  SYSJMBO0_L                  
0000018d  SYSJMBO0_H                  
0000018e  SYSJMBO1                    
0000018e  SYSJMBO1_L                  
0000018f  SYSJMBO1_H                  
0000019a  SYSUNIV                     
0000019a  SYSUNIV_L                   
0000019b  SYSUNIV_H                   
0000019c  SYSSNIV                     
0000019c  SYSSNIV_L                   
0000019d  SYSSNIV_H                   
0000019e  SYSRSTIV                    
0000019e  SYSRSTIV_L                  
0000019f  SYSRSTIV_H                  
000001b0  REFCTL0                     
000001b0  REFCTL0_L                   
000001b1  REFCTL0_H                   
00000200  PAIN                        
00000200  PAIN_L                      
00000201  PAIN_H                      
00000202  PAOUT                       
00000202  PAOUT_L                     
00000203  PAOUT_H                     
00000204  PADIR                       
00000204  PADIR_L                     
00000205  PADIR_H                     
00000206  PAREN                       
00000206  PAREN_L                     
00000207  PAREN_H                     
0000020a  PASEL0                      
0000020a  PASEL0_L                    
0000020b  PASEL0_H                    
0000020c  PASEL1                      
0000020c  PASEL1_L                    
0000020d  PASEL1_H                    
0000020e  P1IV                        
00000216  PASELC                      
00000216  PASELC_L                    
00000217  PASELC_H                    
00000218  PAIES                       
00000218  PAIES_L                     
00000219  PAIES_H                     
0000021a  PAIE                        
0000021a  PAIE_L                      
0000021b  PAIE_H                      
0000021c  PAIFG                       
0000021c  PAIFG_L                     
0000021d  PAIFG_H                     
0000021e  P2IV                        
00000220  PBIN                        
00000220  PBIN_L                      
00000221  PBIN_H                      
00000222  PBOUT                       
00000222  PBOUT_L                     
00000223  PBOUT_H                     
00000224  PBDIR                       
00000224  PBDIR_L                     
00000225  PBDIR_H                     
00000226  PBREN                       
00000226  PBREN_L                     
00000227  PBREN_H                     
0000022a  PBSEL0                      
0000022a  PBSEL0_L                    
0000022b  PBSEL0_H                    
0000022c  PBSEL1                      
0000022c  PBSEL1_L                    
0000022d  PBSEL1_H                    
0000022e  P3IV                        
00000236  PBSELC                      
00000236  PBSELC_L                    
00000237  PBSELC_H                    
00000238  PBIES                       
00000238  PBIES_L                     
00000239  PBIES_H                     
0000023a  PBIE                        
0000023a  PBIE_L                      
0000023b  PBIE_H                      
0000023c  PBIFG                       
0000023c  PBIFG_L                     
0000023d  PBIFG_H                     
0000023e  P4IV                        
00000320  PJIN                        
00000320  PJIN_L                      
00000321  PJIN_H                      
00000322  PJOUT                       
00000322  PJOUT_L                     
00000323  PJOUT_H                     
00000324  PJDIR                       
00000324  PJDIR_L                     
00000325  PJDIR_H                     
00000326  PJREN                       
00000326  PJREN_L                     
00000327  PJREN_H                     
0000032a  PJSEL0                      
0000032a  PJSEL0_L                    
0000032b  PJSEL0_H                    
0000032c  PJSEL1                      
0000032c  PJSEL1_L                    
0000032d  PJSEL1_H                    
00000336  PJSELC                      
00000336  PJSELC_L                    
00000337  PJSELC_H                    
00000340  TA0CTL                      
00000342  TA0CCTL0                    
00000344  TA0CCTL1                    
00000346  TA0CCTL2                    
00000350  TA0R                        
00000352  TA0CCR0                     
00000354  TA0CCR1                     
00000356  TA0CCR2                     
00000360  TA0EX0                      
0000036e  TA0IV                       
00000380  TA1CTL                      
00000382  TA1CCTL0                    
00000384  TA1CCTL1                    
00000386  TA1CCTL2                    
00000390  TA1R                        
00000392  TA1CCR0                     
00000394  TA1CCR1                     
00000396  TA1CCR2                     
000003a0  TA1EX0                      
000003ae  TA1IV                       
000003c0  TB0CTL                      
000003c2  TB0CCTL0                    
000003c4  TB0CCTL1                    
000003c6  TB0CCTL2                    
000003c8  TB0CCTL3                    
000003ca  TB0CCTL4                    
000003cc  TB0CCTL5                    
000003ce  TB0CCTL6                    
000003d0  TB0R                        
000003d2  TB0CCR0                     
000003d4  TB0CCR1                     
000003d6  TB0CCR2                     
000003d8  TB0CCR3                     
000003da  TB0CCR4                     
000003dc  TB0CCR5                     
000003de  TB0CCR6                     
000003e0  TB0EX0                      
000003ee  TB0IV                       
00000400  TA2CTL                      
00000402  TA2CCTL0                    
00000404  TA2CCTL1                    
00000410  TA2R                        
00000412  TA2CCR0                     
00000414  TA2CCR1                     
00000420  TA2EX0                      
0000042e  TA2IV                       
0000043e  CAPTIO0CTL                  
0000043e  CAPTIO0CTL_L                
0000043f  CAPTIO0CTL_H                
00000440  TA3CTL                      
00000442  TA3CCTL0                    
00000444  TA3CCTL1                    
00000450  TA3R                        
00000452  TA3CCR0                     
00000454  TA3CCR1                     
00000460  TA3EX0                      
0000046e  TA3IV                       
0000047e  CAPTIO1CTL                  
0000047e  CAPTIO1CTL_L                
0000047f  CAPTIO1CTL_H                
00000480  __mpusegb2                  
000004a0  RTCCTL01                    
000004a0  RTCCTL01_L                  
000004a1  RTCCTL01_H                  
000004a2  RTCCTL23                    
000004a2  RTCCTL23_L                  
000004a3  RTCCTL23_H                  
000004a8  RTCPS0CTL                   
000004a8  RTCPS0CTL_L                 
000004a9  RTCPS0CTL_H                 
000004aa  RTCPS1CTL                   
000004aa  RTCPS1CTL_L                 
000004ab  RTCPS1CTL_H                 
000004ac  RTCPS                       
000004ac  RTCPS_L                     
000004ad  RTCPS_H                     
000004ae  RTCIV                       
000004b0  RTCTIM0                     
000004b0  RTCTIM0_L                   
000004b1  RTCTIM0_H                   
000004b2  RTCTIM1                     
000004b2  RTCTIM1_L                   
000004b3  RTCTIM1_H                   
000004b4  RTCDATE                     
000004b4  RTCDATE_L                   
000004b5  RTCDATE_H                   
000004b6  RTCYEAR                     
000004b6  RTCYEAR_L                   
000004b7  RTCYEAR_H                   
000004b8  RTCAMINHR                   
000004b8  RTCAMINHR_L                 
000004b9  RTCAMINHR_H                 
000004ba  RTCADOWDAY                  
000004ba  RTCADOWDAY_L                
000004bb  RTCADOWDAY_H                
000004bc  BIN2BCD                     
000004be  BCD2BIN                     
000004c0  MPY                         
000004c0  MPY_L                       
000004c0  __mpusegb1                  
000004c1  MPY_H                       
000004c2  MPYS                        
000004c2  MPYS_L                      
000004c3  MPYS_H                      
000004c4  MAC                         
000004c4  MAC_L                       
000004c5  MAC_H                       
000004c6  MACS                        
000004c6  MACS_L                      
000004c7  MACS_H                      
000004c8  OP2                         
000004c8  OP2_L                       
000004c9  OP2_H                       
000004ca  RESLO                       
000004ca  RESLO_L                     
000004cb  RESLO_H                     
000004cc  RESHI                       
000004cc  RESHI_L                     
000004cd  RESHI_H                     
000004ce  SUMEXT                      
000004ce  SUMEXT_L                    
000004cf  SUMEXT_H                    
000004d0  MPY32L                      
000004d0  MPY32L_L                    
000004d1  MPY32L_H                    
000004d2  MPY32H                      
000004d2  MPY32H_L                    
000004d3  MPY32H_H                    
000004d4  MPYS32L                     
000004d4  MPYS32L_L                   
000004d5  MPYS32L_H                   
000004d6  MPYS32H                     
000004d6  MPYS32H_L                   
000004d7  MPYS32H_H                   
000004d8  MAC32L                      
000004d8  MAC32L_L                    
000004d9  MAC32L_H                    
000004da  MAC32H                      
000004da  MAC32H_L                    
000004db  MAC32H_H                    
000004dc  MACS32L                     
000004dc  MACS32L_L                   
000004dd  MACS32L_H                   
000004de  MACS32H                     
000004de  MACS32H_L                   
000004df  MACS32H_H                   
000004e0  OP2L                        
000004e0  OP2L_L                      
000004e1  OP2L_H                      
000004e2  OP2H                        
000004e2  OP2H_L                      
000004e3  OP2H_H                      
000004e4  RES0                        
000004e4  RES0_L                      
000004e5  RES0_H                      
000004e6  RES1                        
000004e6  RES1_L                      
000004e7  RES1_H                      
000004e8  RES2                        
000004e8  RES2_L                      
000004e9  RES2_H                      
000004ea  RES3                        
000004ea  RES3_L                      
000004eb  RES3_H                      
000004ec  MPY32CTL0                   
000004ec  MPY32CTL0_L                 
000004ed  MPY32CTL0_H                 
00000500  DMACTL0                     
00000500  DMACTL0_L                   
00000501  DMACTL0_H                   
00000502  DMACTL1                     
00000502  DMACTL1_L                   
00000503  DMACTL1_H                   
00000504  DMACTL2                     
00000504  DMACTL2_L                   
00000505  DMACTL2_H                   
00000506  DMACTL3                     
00000506  DMACTL3_L                   
00000507  DMACTL3_H                   
00000508  DMACTL4                     
00000508  DMACTL4_L                   
00000509  DMACTL4_H                   
0000050e  DMAIV                       
0000050e  DMAIV_L                     
0000050f  DMAIV_H                     
00000510  DMA0CTL                     
00000510  DMA0CTL_L                   
00000511  DMA0CTL_H                   
00000512  DMA0SA                      
00000512  DMA0SAL                     
00000514  DMA0SAH                     
00000516  DMA0DA                      
00000516  DMA0DAL                     
00000518  DMA0DAH                     
0000051a  DMA0SZ                      
00000520  DMA1CTL                     
00000520  DMA1CTL_L                   
00000521  DMA1CTL_H                   
00000522  DMA1SA                      
00000522  DMA1SAL                     
00000524  DMA1SAH                     
00000526  DMA1DA                      
00000526  DMA1DAL                     
00000528  DMA1DAH                     
[...]
0000065b  UCB0I2COA3_H                
0000065c  UCB0ADDRX                   
0000065c  UCB0ADDRX_L                 
0000065d  UCB0ADDRX_H                 
0000065e  UCB0ADDMASK                 
0000065e  UCB0ADDMASK_L               
0000065f  UCB0ADDMASK_H               
00000660  UCB0I2CSA                   
00000660  UCB0I2CSA_L                 
00000661  UCB0I2CSA_H                 
0000066a  UCB0IE                      
0000066a  UCB0IE_L                    
0000066b  UCB0IE_H                    
0000066c  UCB0IFG                     
0000066c  UCB0IFG_L                   
0000066d  UCB0IFG_H                   
0000066e  UCB0IV                      
00000800  ADC12CTL0                   
00000800  ADC12CTL0_L                 
00000801  ADC12CTL0_H                 
00000802  ADC12CTL1                   
00000802  ADC12CTL1_L                 
00000803  ADC12CTL1_H                 
00000804  ADC12CTL2                   
00000804  ADC12CTL2_L                 
00000805  ADC12CTL2_H                 
00000806  ADC12CTL3                   
00000806  ADC12CTL3_L                 
00000807  ADC12CTL3_H                 
00000808  ADC12LO                     
00000808  ADC12LO_L                   
00000809  ADC12LO_H                   
0000080a  ADC12HI                     
0000080a  ADC12HI_L                   
0000080b  ADC12HI_H                   
0000080c  ADC12IFGR0                  
0000080c  ADC12IFGR0_L                
0000080d  ADC12IFGR0_H                
0000080e  ADC12IFGR1                  
0000080e  ADC12IFGR1_L                
0000080f  ADC12IFGR1_H                
00000810  ADC12IFGR2                  
00000810  ADC12IFGR2_L                
00000811  ADC12IFGR2_H                
00000812  ADC12IER0                   
00000812  ADC12IER0_L                 
00000813  ADC12IER0_H                 
00000814  ADC12IER1                   
00000814  ADC12IER1_L                 
00000815  ADC12IER1_H                 
00000816  ADC12IER2                   
00000816  ADC12IER2_L                 
00000817  ADC12IER2_H                 
00000818  ADC12IV                     
00000818  ADC12IV_L                   
00000819  ADC12IV_H                   
00000820  ADC12MCTL0                  
00000820  ADC12MCTL0_L                
00000821  ADC12MCTL0_H                
00000822  ADC12MCTL1                  
00000822  ADC12MCTL1_L                
00000823  ADC12MCTL1_H                
00000824  ADC12MCTL2                  
00000824  ADC12MCTL2_L                
00000825  ADC12MCTL2_H                
00000826  ADC12MCTL3                  
00000826  ADC12MCTL3_L                
00000827  ADC12MCTL3_H                
00000828  ADC12MCTL4                  
00000828  ADC12MCTL4_L                
00000829  ADC12MCTL4_H                
0000082a  ADC12MCTL5                  
0000082a  ADC12MCTL5_L                
0000082b  ADC12MCTL5_H                
0000082c  ADC12MCTL6                  
0000082c  ADC12MCTL6_L                
0000082d  ADC12MCTL6_H                
0000082e  ADC12MCTL7                  
0000082e  ADC12MCTL7_L                
0000082f  ADC12MCTL7_H                
00000830  ADC12MCTL8                  
00000830  ADC12MCTL8_L                
00000831  ADC12MCTL8_H                
00000832  ADC12MCTL9                  
00000832  ADC12MCTL9_L                
00000833  ADC12MCTL9_H                
00000834  ADC12MCTL10                 
00000834  ADC12MCTL10_L               
00000835  ADC12MCTL10_H               
00000836  ADC12MCTL11                 
00000836  ADC12MCTL11_L               
00000837  ADC12MCTL11_H               
00000838  ADC12MCTL12                 
00000838  ADC12MCTL12_L               
00000839  ADC12MCTL12_H               
0000083a  ADC12MCTL13                 
0000083a  ADC12MCTL13_L               
0000083b  ADC12MCTL13_H               
0000083c  ADC12MCTL14                 
0000083c  ADC12MCTL14_L               
0000083d  ADC12MCTL14_H               
0000083e  ADC12MCTL15                 
0000083e  ADC12MCTL15_L               
0000083f  ADC12MCTL15_H               
00000840  ADC12MCTL16                 
00000840  ADC12MCTL16_L               
00000841  ADC12MCTL16_H               
00000842  ADC12MCTL17                 
00000842  ADC12MCTL17_L               
00000843  ADC12MCTL17_H               
00000844  ADC12MCTL18                 
00000844  ADC12MCTL18_L               
00000845  ADC12MCTL18_H               
00000846  ADC12MCTL19                 
00000846  ADC12MCTL19_L               
00000847  ADC12MCTL19_H               
00000848  ADC12MCTL20                 
00000848  ADC12MCTL20_L               
00000849  ADC12MCTL20_H               
0000084a  ADC12MCTL21                 
0000084a  ADC12MCTL21_L               
0000084b  ADC12MCTL21_H               
0000084c  ADC12MCTL22                 
0000084c  ADC12MCTL22_L               
0000084d  ADC12MCTL22_H               
0000084e  ADC12MCTL23                 
0000084e  ADC12MCTL23_L               
0000084f  ADC12MCTL23_H               
00000850  ADC12MCTL24                 
00000850  ADC12MCTL24_L               
00000851  ADC12MCTL24_H               
00000852  ADC12MCTL25                 
00000852  ADC12MCTL25_L               
00000853  ADC12MCTL25_H               
00000854  ADC12MCTL26                 
00000854  ADC12MCTL26_L               
00000855  ADC12MCTL26_H               
00000856  ADC12MCTL27                 
00000856  ADC12MCTL27_L               
00000857  ADC12MCTL27_H               
00000858  ADC12MCTL28                 
00000858  ADC12MCTL28_L               
00000859  ADC12MCTL28_H               
0000085a  ADC12MCTL29                 
0000085a  ADC12MCTL29_L               
0000085b  ADC12MCTL29_H               
0000085c  ADC12MCTL30                 
0000085c  ADC12MCTL30_L               
0000085d  ADC12MCTL30_H               
0000085e  ADC12MCTL31                 
0000085e  ADC12MCTL31_L               
0000085f  ADC12MCTL31_H               
00000860  ADC12MEM0                   
00000860  ADC12MEM0_L                 
00000861  ADC12MEM0_H                 
00000862  ADC12MEM1                   
00000862  ADC12MEM1_L                 
00000863  ADC12MEM1_H                 
00000864  ADC12MEM2                   
00000864  ADC12MEM2_L                 
00000865  ADC12MEM2_H                 
00000866  ADC12MEM3                   
00000866  ADC12MEM3_L                 
00000867  ADC12MEM3_H                 
00000868  ADC12MEM4                   
00000868  ADC12MEM4_L                 
00000869  ADC12MEM4_H                 
0000086a  ADC12MEM5                   
0000086a  ADC12MEM5_L                 
0000086b  ADC12MEM5_H                 
0000086c  ADC12MEM6                   
0000086c  ADC12MEM6_L                 
0000086d  ADC12MEM6_H                 
0000086e  ADC12MEM7                   
0000086e  ADC12MEM7_L                 
0000086f  ADC12MEM7_H                 
00000870  ADC12MEM8                   
00000870  ADC12MEM8_L                 
00000871  ADC12MEM8_H                 
00000872  ADC12MEM9                   
00000872  ADC12MEM9_L                 
00000873  ADC12MEM9_H                 
00000874  ADC12MEM10                  
00000874  ADC12MEM10_L                
00000875  ADC12MEM10_H                
00000876  ADC12MEM11                  
00000876  ADC12MEM11_L                
00000877  ADC12MEM11_H                
00000878  ADC12MEM12                  
00000878  ADC12MEM12_L                
00000879  ADC12MEM12_H                
0000087a  ADC12MEM13                  
0000087a  ADC12MEM13_L                
0000087b  ADC12MEM13_H                
0000087c  ADC12MEM14                  
0000087c  ADC12MEM14_L                
0000087d  ADC12MEM14_H                
0000087e  ADC12MEM15                  
0000087e  ADC12MEM15_L                
0000087f  ADC12MEM15_H                
00000880  ADC12MEM16                  
00000880  ADC12MEM16_L                
00000881  ADC12MEM16_H                
00000882  ADC12MEM17                  
00000882  ADC12MEM17_L                
00000883  ADC12MEM17_H                
00000884  ADC12MEM18                  
00000884  ADC12MEM18_L                
00000885  ADC12MEM18_H                
00000886  ADC12MEM19                  
00000886  ADC12MEM19_L                
00000887  ADC12MEM19_H                
00000888  ADC12MEM20                  
00000888  ADC12MEM20_L                
00000889  ADC12MEM20_H                
0000088a  ADC12MEM21                  
0000088a  ADC12MEM21_L                
0000088b  ADC12MEM21_H                
0000088c  ADC12MEM22                  
0000088c  ADC12MEM22_L                
0000088d  ADC12MEM22_H                
0000088e  ADC12MEM23                  
0000088e  ADC12MEM23_L                
0000088f  ADC12MEM23_H                
00000890  ADC12MEM24                  
00000890  ADC12MEM24_L                
00000891  ADC12MEM24_H                
00000892  ADC12MEM25                  
00000892  ADC12MEM25_L                
00000893  ADC12MEM25_H                
00000894  ADC12MEM26                  
00000894  ADC12MEM26_L                
00000895  ADC12MEM26_H                
00000896  ADC12MEM27                  
00000896  ADC12MEM27_L                
00000897  ADC12MEM27_H                
00000898  ADC12MEM28                  
00000898  ADC12MEM28_L                
00000899  ADC12MEM28_H                
0000089a  ADC12MEM29                  
0000089a  ADC12MEM29_L                
0000089b  ADC12MEM29_H                
0000089c  ADC12MEM30                  
0000089c  ADC12MEM30_L                
0000089d  ADC12MEM30_H                
0000089e  ADC12MEM31                  
0000089e  ADC12MEM31_L                
0000089f  ADC12MEM31_H                
000008c0  CECTL0                      
000008c0  CECTL0_L                    
000008c1  CECTL0_H                    
000008c2  CECTL1                      
000008c2  CECTL1_L                    
000008c3  CECTL1_H                    
000008c4  CECTL2                      
000008c4  CECTL2_L                    
000008c5  CECTL2_H                    
000008c6  CECTL3                      
000008c6  CECTL3_L                    
000008c7  CECTL3_H                    
000008cc  CEINT                       
000008cc  CEINT_L                     
000008cd  CEINT_H                     
000008ce  CEIV                        
000008ce  CEIV_L                      
000008cf  CEIV_H                      
000009c0  AESACTL0                    
000009c0  AESACTL0_L                  
000009c1  AESACTL0_H                  
000009c2  AESACTL1                    
000009c2  AESACTL1_L                  
000009c3  AESACTL1_H                  
000009c4  AESASTAT                    
000009c4  AESASTAT_L                  
000009c5  AESASTAT_H                  
000009c6  AESAKEY                     
000009c6  AESAKEY_L                   
000009c7  AESAKEY_H                   
000009c8  AESADIN                     
000009c8  AESADIN_L                   
000009c9  AESADIN_H                   
000009ca  AESADOUT                    
000009ca  AESADOUT_L                  
000009cb  AESADOUT_H                  
000009cc  AESAXDIN                    
000009cc  AESAXDIN_L                  
000009cd  AESAXDIN_H                  
000009ce  AESAXIN                     
000009ce  AESAXIN_L                   
000009cf  AESAXIN_H                   
00001c00  E104_DEFAULT_DATA           
00001e33  RF430_I2C_Start             
00001e34  patch_looping               
00001e82  p_uc8MemoryFullMessage      
00001ebe  gui8RfFieldDetected         
00001ebf  gui8Rf430Initalized         
00001ec0  State_t                     
00001ec2  g_uc8SleepBetweenLoopsFlag  
00001ec3  g_uc8DataloggingEnableFlag  
00001ec4  Sample_Rate                 
00001ec6  Cmd                         
00001ec7  read_complete               
00001ec8  rx_byte_count               
00001ec9  tx_byte_count               
00001eca  u8Ticks                     
00001ecb  g_TempNegFlagCel            
00001ecc  g_TempNegFlagFahr           
00001ecd  button_pressed              
00001ece  uc8_CL331H_INTO_flag        
00001ecf  g_uc8PollingWakeupFlag      
00001ed0  gp_StartOfDataloggingMemory 
00001ed4  gp_EndOfDataloggingMemory   
00001ed8  gp_StartOfVectorTable       
00001edc  gp_EndOfVectorTable         
00001ee0  E104_DEFAULT_DATA_RECORD    
00001eec  SelectedFile                
00001eee  TxAddr                      
00001ef0  ReceivedFileTextPrebuf      
00001f54  PRxData                     
00001f58  PTxData                     
00001f5c  uc8ReceivedData             
00001f60  RXByteCtr                   
00001f62  TXByteCtr                   
00001f64  g_TempDataCel               
00001f66  g_TempDataFahr              
00001f68  RF430_I2C_State             
00001f69  g_u8PollingIntervalLength   
00001f6a  ui8TemperatureNegFlag       
00002360  _stack                      
00002400  __STACK_END                 
00004400  CCFileText                  
00004400  fram_rw_start               
0000441a  NdefFiles                   
00004432  g_u8Second                  
00004433  g_u8Minute                  
00004434  g_u8Hour                    
00004435  g_u8Day                     
00004436  g_u8Month                   
00004437  g_u8Year                    
00004438  g_u8PollingInterval         
0000443a  g_u8Mode                    
0000443c  g_u8TempMode                
0000443e  NumberOfFiles               
00004440  g_pui8E104StartOfPayload    
00004444  g_pui8E104EndOfPayload      
00004448  gp_StartOfData              
0000444c  gp_EndOfData                
00004450  gp_ui8StartOfRecordHeader   
00004454  gp_TotalDataLength          
00004456  gp_DLFullFlag               
00004458  g_u16NdefLength             
0000445a  g_u16NdefDataPointer        
0000445c  g_u8MaxLengthFlag           
0000445e  g_Datalogger_Mode_t         
00004460  Command_Received_t          
00004462  g_ui8ResetStateFlag         
00004464  g_ui8TemperatureModeFlag    
00004466  g_ui8PollingInterval        
00004645  __mpusam                    
00004800  fram_ro_start               
00004ad2  __TI_Handler_Table_Base     
00004ada  __TI_CINIT_Base             
00004ada  __TI_Handler_Table_Limit    
00004aea  __TI_CINIT_Limit            
00004b3a  LSBValues                   
00004b6a  CCFILE_TEXT_DEFAULT_DATA    
00004c00  ProcessReceivedFileText     
00004c00  fram_ipe_end                
00004c00  fram_ipe_start              
00004c00  fram_rx_start               
00004fb4  main                        
00005344  DL_Update                   
000055b4  DL_Print_Timestamp          
0000577c  ServiceInterrupt            
0000591e  LightDecToAscii             
00005a22  TMP_Get_Temp                
00005b1c  DL_Update_Data              
00005c06  USCI_B0_ISR                 
00005cee  MSP430_Init                 
00005dd4  __mspabi_mpyf               
00005e8c  DL_Get_Data                 
00005f3a  TempDecToAscii              
00005fe4  _auto_init_hold_wdt         
0000608c  I2C_OPT_Read_Register       
0000612c  I2C_OPT_Write_Register      
000061bc  E104_Send_File              
0000624a  RTC_Set_Alarm               
000062c8  TMP_I2C_Read_Register       
0000633c  copy_in                     
000063ae  GetLuxValue                 
0000641e  HumidityDecToAscii          
0000648c  ResetDatalogger             
000064fa  HDC_I2C_Measurement         
00006566  CL331H_Write_Register       
000065d0  DL_Print_Humidity           
0000663a  CL331H_Read_Register        
0000670a  RF430_I2C_Write_Restart_Read
0000676c  ResetRF430                  
000067ce  DL_Print_Temperature        
0000682e  RF430Patch                  
0000688e  E104_Send_File_Record       
000068e8  __mspabi_divul              
000068e8  __mspabi_remul              
00006940  DL_Print_Light              
00006996  HDC_I2C_Write_Register      
000069ea  DL_Update_Length            
00006a34  __mspabi_cmpf               
00006a7e  HDC_Get_Humidity            
00006ac4  __mspabi_fixfu              
00006b0a  HDC_I2C_Trigger_Measurement 
00006b4e  Write_Continuous            
00006b90  RF430CL331H_Init            
00006bce  RF430_I2C_Write             
00006c0c  __mspabi_sral_15            
00006c10  __mspabi_sral_14            
00006c14  __mspabi_sral_13            
00006c18  __mspabi_sral_12            
00006c1c  __mspabi_sral_11            
00006c20  __mspabi_sral_10            
00006c24  __mspabi_sral_9             
00006c28  __mspabi_sral_8             
00006c2c  __mspabi_sral_7             
00006c30  __mspabi_sral_6             
00006c34  __mspabi_sral_5             
00006c38  __mspabi_sral_4             
00006c3c  __mspabi_sral_3             
00006c40  __mspabi_sral_2             
00006c44  __mspabi_sral_1             
00006c4a  PORT2_ISR                   
00006c86  RTC_Init                    
00006cbe  SearchForFile               
00006cf2  SendDataOnFile              
00006d24  Read_Continuous             
00006d52  RTCISR                      
00006d80  CL331H_I2C_Init             
00006dac  Timer_Init                  
00006dd8  __mspabi_divi               
00006dd8  __mspabi_remi               
00006e04  I2C_OPT_Init                
00006e2e  memcpy                      
00006e58  HDC_Init                    
00006e80  Low_Power_Delay_ms          
00006ea6  ReadDataOnFile              
00006ecc  TMP_I2C_Init                
00006ef2  DL_Print_Power_Lost         
00006f16  __mspabi_fltuf              
00006f3a  __mspabi_mpyl_f5hw          
00006f5e  RF430_I2C_Send_Stop         
00006f80  memset                      
00006fa0  FetchReceivedDate           
00006fbc  FetchReceivedTime           
00006fd8  RTC_Set_Date                
00006ff4  DL_Reset                    
0000700e  RTC_Set_Time                
00007028  _c_int00_noargs_noexit      
00007042  __mspabi_mpyi_f5hw          
0000705a  __TI_decompress_none        
00007070  __mspabi_divu               
00007070  __mspabi_remu               
00007086  RTC_Disable_Alarm           
0000709a  DL_Get_State                
000070aa  StartLuxMeasurement         
000070ba  DL_Update_Pointers          
000070c8  Timer1_A0_ISR               
000070d6  _system_pre_init            
000070e0  DL_Reload_Length            
000070e8  FetchReceivedMode           
000070f0  FetchReceivedPollingInterval
000070f8  FetchReceivedTempMode       
00007100  Timer0_B0_ISR               
00007108  __TI_ISR_TRAP               
00007110  DL_Jump_Pointers            
00007116  DL_Set_Record_Header        
0000711c  C$$EXIT                     
0000711c  abort                       
00007122  __TI_decompress_rle24       
00007128  _system_post_cinit          
0000a501  __mpuctl0                   
0000ffcc  __TI_int30                  
0000ffce  __TI_int31                  
0000ffd0  __TI_int32                  
0000ffd2  __TI_int33                  
0000ffd4  __TI_int34                  
0000ffd6  __TI_int35                  
0000ffd8  __TI_int36                  
0000ffda  __TI_int37                  
0000ffdc  __TI_int38                  
0000ffde  __TI_int39                  
0000ffe0  __TI_int40                  
0000ffe2  __TI_int41                  
0000ffe4  __TI_int42                  
0000ffe6  __TI_int43                  
0000ffe8  __TI_int44                  
0000ffea  __TI_int45                  
0000ffec  __TI_int46                  
0000ffee  __TI_int47                  
0000fff0  __TI_int48                  
0000fff2  __TI_int49                  
0000fff4  __TI_int50                  
0000fff6  __TI_int51                  
0000fff8  __TI_int52                  
0000fffa  __TI_int53                  
0000fffc  __TI_int54                  
0000fffe  _reset_vector               
ffffffff  __TI_pprof_out_hndl         
ffffffff  __TI_prof_data_size         
ffffffff  __TI_prof_data_start        
ffffffff  __c_args__                  
UNDEFED   __TI_BINIT_Base             
UNDEFED   __TI_BINIT_Limit            
UNDEFED   __TI_INITARRAY_Base         
UNDEFED   __TI_INITARRAY_Limit        

[1022 symbols]
